Archive member included because of file (symbol)

..\..\..\..\..\bin\framework\peripheral\PIC32MX795F512L_peripherals.a(plib_eth_lib.o)
                              build/pic32mx_eth_sk2_sd_mmc_pictail/production/_ext/1697634946/drv_ethmac.o (PLIB_ETH_MACSetAddress)

Optional file libmchp_peripheral.a not found

Optional file libmchp_peripheral_32MX795F512L.a not found
c:/program files (x86)/microchip/xc32/v1.44/bin/bin/../../lib/gcc/pic32mx/4.8.3\libgcc.a(_udivdi3.o)
                              build/pic32mx_eth_sk2_sd_mmc_pictail/production/_ext/2110151058/sys_tmr.o (__udivdi3)
c:/program files (x86)/microchip/xc32/v1.44/bin/bin/../../lib/gcc/pic32mx/4.8.3/../../../../pic32mx/lib\libpic32.a(memcmp.o)
                              build/pic32mx_eth_sk2_sd_mmc_pictail/production/_ext/1360937237/custom_http_app.o (memcmp)
c:/program files (x86)/microchip/xc32/v1.44/bin/bin/../../lib/gcc/pic32mx/4.8.3/../../../../pic32mx/lib\libpic32.a(memcpy.o)
                              build/pic32mx_eth_sk2_sd_mmc_pictail/production/_ext/2046866571/deflate.o (memcpy)
c:/program files (x86)/microchip/xc32/v1.44/bin/bin/../../lib/gcc/pic32mx/4.8.3/../../../../pic32mx/lib\libpic32.a(memset.o)
                              build/pic32mx_eth_sk2_sd_mmc_pictail/production/_ext/2046866571/deflate.o (memset)
c:/program files (x86)/microchip/xc32/v1.44/bin/bin/../../lib/gcc/pic32mx/4.8.3/../../../../pic32mx/lib\libpic32.a(strcmp.o)
                              build/pic32mx_eth_sk2_sd_mmc_pictail/production/_ext/1360937237/custom_http_app.o (strcmp)
c:/program files (x86)/microchip/xc32/v1.44/bin/bin/../../lib/gcc/pic32mx/4.8.3/../../../../pic32mx/lib\libpic32.a(strcpy.o)
                              build/pic32mx_eth_sk2_sd_mmc_pictail/production/_ext/1891376032/sys_command.o (strcpy)
c:/program files (x86)/microchip/xc32/v1.44/bin/bin/../../lib/gcc/pic32mx/4.8.3/../../../../pic32mx/lib\libpic32.a(strlen.o)
                              build/pic32mx_eth_sk2_sd_mmc_pictail/production/_ext/1360937237/custom_http_app.o (strlen)
c:/program files (x86)/microchip/xc32/v1.44/bin/bin/../../lib/gcc/pic32mx/4.8.3/../../../../pic32mx/lib\libpic32.a(default-bootstrap-exception-handler.o)
                              c:/program files (x86)/microchip/xc32/v1.44/bin/bin/../../lib/gcc/pic32mx/4.8.3/../../../../pic32mx/lib/./proc/32MX795F512L/crt0_mips32r2.o (_bootstrap_exception_handler)
c:/program files (x86)/microchip/xc32/v1.44/bin/bin/../../lib/gcc/pic32mx/4.8.3/../../../../pic32mx/lib\libpic32.a(default-on-reset.o)
                              c:/program files (x86)/microchip/xc32/v1.44/bin/bin/../../lib/gcc/pic32mx/4.8.3/../../../../pic32mx/lib/./proc/32MX795F512L/crt0_mips32r2.o (_on_reset)
c:/program files (x86)/microchip/xc32/v1.44/bin/bin/../../lib/gcc/pic32mx/4.8.3/../../../../pic32mx/lib\libpic32.a(default-on-bootstrap.o)
                              c:/program files (x86)/microchip/xc32/v1.44/bin/bin/../../lib/gcc/pic32mx/4.8.3/../../../../pic32mx/lib/./proc/32MX795F512L/crt0_mips32r2.o (_on_bootstrap)
c:/program files (x86)/microchip/xc32/v1.44/bin/bin/../../lib/gcc/pic32mx/4.8.3/../../../../pic32mx/lib\libpic32.a(default-nmi-handler.o)
                              c:/program files (x86)/microchip/xc32/v1.44/bin/bin/../../lib/gcc/pic32mx/4.8.3/../../../../pic32mx/lib/./proc/32MX795F512L/crt0_mips32r2.o (_nmi_handler)
c:/program files (x86)/microchip/xc32/v1.44/bin/bin/../../lib/gcc/pic32mx/4.8.3/../../../../pic32mx/lib\libpic32.a(general-exception.o)
                              c:/program files (x86)/microchip/xc32/v1.44/bin/bin/../../lib/gcc/pic32mx/4.8.3/../../../../pic32mx/lib/./proc/32MX795F512L/crt0_mips32r2.o (_general_exception_context)
c:/program files (x86)/microchip/xc32/v1.44/bin/bin/../../lib/gcc/pic32mx/4.8.3/../../../../pic32mx/lib\libpic32.a(vector0.o)
                              c:/program files (x86)/microchip/xc32/v1.44/bin/bin/../../lib/gcc/pic32mx/4.8.3/../../../../pic32mx/lib/./proc/32MX795F512L\default_isr_vectors.o (__vector_dispatch_0)
c:/program files (x86)/microchip/xc32/v1.44/bin/bin/../../lib/gcc/pic32mx/4.8.3/../../../../pic32mx/lib\libpic32.a(vector1.o)
                              c:/program files (x86)/microchip/xc32/v1.44/bin/bin/../../lib/gcc/pic32mx/4.8.3/../../../../pic32mx/lib/./proc/32MX795F512L\default_isr_vectors.o (__vector_dispatch_1)
c:/program files (x86)/microchip/xc32/v1.44/bin/bin/../../lib/gcc/pic32mx/4.8.3/../../../../pic32mx/lib\libpic32.a(vector2.o)
                              c:/program files (x86)/microchip/xc32/v1.44/bin/bin/../../lib/gcc/pic32mx/4.8.3/../../../../pic32mx/lib/./proc/32MX795F512L\default_isr_vectors.o (__vector_dispatch_2)
c:/program files (x86)/microchip/xc32/v1.44/bin/bin/../../lib/gcc/pic32mx/4.8.3/../../../../pic32mx/lib\libpic32.a(vector3.o)
                              c:/program files (x86)/microchip/xc32/v1.44/bin/bin/../../lib/gcc/pic32mx/4.8.3/../../../../pic32mx/lib/./proc/32MX795F512L\default_isr_vectors.o (__vector_dispatch_3)
[...]
Memory Configuration

Name             Origin             Length             Attributes
kseg0_program_mem 0x9d000000         0x00080000         xr
kseg0_boot_mem   0x9fc00490         0x00000970
exception_mem    0x9fc01000         0x00001000
kseg1_boot_mem   0xbfc00000         0x00000490
debug_exec_mem   0xbfc02000         0x00000ff0
config3          0xbfc02ff0         0x00000004
config2          0xbfc02ff4         0x00000004
config1          0xbfc02ff8         0x00000004
config0          0xbfc02ffc         0x00000004
kseg1_data_mem   0xa0000000         0x00020000         w !x
sfrs             0xbf800000         0x00100000
configsfrs       0xbfc02ff0         0x00000010
*default*        0x00000000         0xffffffff

Linker script and memory map

LOAD c:/program files (x86)/microchip/xc32/v1.44/bin/bin/../../lib/gcc/pic32mx/4.8.3/../../../../pic32mx/lib/./proc/32MX795F512L/crt0_mips32r2.o
LOAD c:/program files (x86)/microchip/xc32/v1.44/bin/bin/../../lib/gcc/pic32mx/4.8.3/../../../../pic32mx/lib\debug-exception-return.o
LOAD build/pic32mx_eth_sk2_sd_mmc_pictail/production/_ext/1360937237/app.o
LOAD build/pic32mx_eth_sk2_sd_mmc_pictail/production/_ext/1360937237/main.o
LOAD build/pic32mx_eth_sk2_sd_mmc_pictail/production/_ext/1360937237/http_print.o
LOAD build/pic32mx_eth_sk2_sd_mmc_pictail/production/_ext/1360937237/custom_http_app.o
LOAD build/pic32mx_eth_sk2_sd_mmc_pictail/production/_ext/2046866571/adler32.o
LOAD build/pic32mx_eth_sk2_sd_mmc_pictail/production/_ext/2046866571/compress.o
LOAD build/pic32mx_eth_sk2_sd_mmc_pictail/production/_ext/2046866571/crc32.o
LOAD build/pic32mx_eth_sk2_sd_mmc_pictail/production/_ext/2046866571/deflate.o
LOAD build/pic32mx_eth_sk2_sd_mmc_pictail/production/_ext/2046866571/infback.o
LOAD build/pic32mx_eth_sk2_sd_mmc_pictail/production/_ext/2046866571/inffast.o
LOAD build/pic32mx_eth_sk2_sd_mmc_pictail/production/_ext/2046866571/inflate.o
LOAD build/pic32mx_eth_sk2_sd_mmc_pictail/production/_ext/2046866571/inftrees.o
LOAD build/pic32mx_eth_sk2_sd_mmc_pictail/production/_ext/2046866571/trees.o
LOAD build/pic32mx_eth_sk2_sd_mmc_pictail/production/_ext/2046866571/uncompr.o
LOAD build/pic32mx_eth_sk2_sd_mmc_pictail/production/_ext/2046866571/zutil.o
LOAD build/pic32mx_eth_sk2_sd_mmc_pictail/production/_ext/29024758/ecc.o
LOAD build/pic32mx_eth_sk2_sd_mmc_pictail/production/_ext/29024758/arc4.o
LOAD build/pic32mx_eth_sk2_sd_mmc_pictail/production/_ext/29024758/pwdbased.o
LOAD build/pic32mx_eth_sk2_sd_mmc_pictail/production/_ext/29024758/tfm.o
LOAD build/pic32mx_eth_sk2_sd_mmc_pictail/production/_ext/29024758/asn.o
LOAD build/pic32mx_eth_sk2_sd_mmc_pictail/production/_ext/29024758/des3.o
LOAD build/pic32mx_eth_sk2_sd_mmc_pictail/production/_ext/29024758/rsa.o
LOAD build/pic32mx_eth_sk2_sd_mmc_pictail/production/_ext/29024758/aes.o
LOAD build/pic32mx_eth_sk2_sd_mmc_pictail/production/_ext/29024758/md5.o
LOAD build/pic32mx_eth_sk2_sd_mmc_pictail/production/_ext/29024758/sha.o
LOAD build/pic32mx_eth_sk2_sd_mmc_pictail/production/_ext/29024758/sha256.o
LOAD build/pic32mx_eth_sk2_sd_mmc_pictail/production/_ext/29024758/sha512.o
LOAD build/pic32mx_eth_sk2_sd_mmc_pictail/production/_ext/29024758/hmac.o
LOAD build/pic32mx_eth_sk2_sd_mmc_pictail/production/_ext/29024758/hash.o
LOAD build/pic32mx_eth_sk2_sd_mmc_pictail/production/_ext/29024758/compress.o
LOAD build/pic32mx_eth_sk2_sd_mmc_pictail/production/_ext/29024758/random.o
LOAD build/pic32mx_eth_sk2_sd_mmc_pictail/production/_ext/29024758/crypto.o
LOAD build/pic32mx_eth_sk2_sd_mmc_pictail/production/_ext/29024758/coding.o
LOAD build/pic32mx_eth_sk2_sd_mmc_pictail/production/_ext/29024758/error.o
LOAD build/pic32mx_eth_sk2_sd_mmc_pictail/production/_ext/29024758/integer.o
LOAD build/pic32mx_eth_sk2_sd_mmc_pictail/production/_ext/29024758/logging.o
LOAD build/pic32mx_eth_sk2_sd_mmc_pictail/production/_ext/29024758/memory.o
LOAD build/pic32mx_eth_sk2_sd_mmc_pictail/production/_ext/29024758/misc.o
LOAD build/pic32mx_eth_sk2_sd_mmc_pictail/production/_ext/29024758/port.o
LOAD build/pic32mx_eth_sk2_sd_mmc_pictail/production/_ext/1697634946/drv_ethmac.o
LOAD build/pic32mx_eth_sk2_sd_mmc_pictail/production/_ext/1697634946/drv_ethmac_lib.o
LOAD build/pic32mx_eth_sk2_sd_mmc_pictail/production/_ext/521481140/drv_extphy_smsc8740.o
LOAD build/pic32mx_eth_sk2_sd_mmc_pictail/production/_ext/521481140/drv_ethphy.o
LOAD build/pic32mx_eth_sk2_sd_mmc_pictail/production/_ext/1789358541/drv_sdcard.o
LOAD build/pic32mx_eth_sk2_sd_mmc_pictail/production/_ext/1324760662/drv_spi.o
LOAD build/pic32mx_eth_sk2_sd_mmc_pictail/production/_ext/1385053818/drv_spi_sys_queue_fifo.o
LOAD build/pic32mx_eth_sk2_sd_mmc_pictail/production/_ext/941160041/drv_tmr.o
LOAD build/pic32mx_eth_sk2_sd_mmc_pictail/production/_ext/871719959/net_pres.o
LOAD build/pic32mx_eth_sk2_sd_mmc_pictail/production/_ext/1891376032/sys_command.o
LOAD build/pic32mx_eth_sk2_sd_mmc_pictail/production/_ext/1434663852/sys_console.o
LOAD build/pic32mx_eth_sk2_sd_mmc_pictail/production/_ext/1434663852/sys_console_usb_cdc.o
LOAD build/pic32mx_eth_sk2_sd_mmc_pictail/production/_ext/2137108136/sys_debug.o
LOAD build/pic32mx_eth_sk2_sd_mmc_pictail/production/_ext/482662494/sys_devcon.o
LOAD build/pic32mx_eth_sk2_sd_mmc_pictail/production/_ext/1750042194/sys_fs.o
LOAD build/pic32mx_eth_sk2_sd_mmc_pictail/production/_ext/1750042194/sys_fs_media_manager.o
LOAD build/pic32mx_eth_sk2_sd_mmc_pictail/production/_ext/1964723635/ff.o
LOAD build/pic32mx_eth_sk2_sd_mmc_pictail/production/_ext/732200470/diskio.o
LOAD build/pic32mx_eth_sk2_sd_mmc_pictail/production/_ext/1042686532/sys_int_pic32.o
LOAD build/pic32mx_eth_sk2_sd_mmc_pictail/production/_ext/470001640/sys_random.o
LOAD build/pic32mx_eth_sk2_sd_mmc_pictail/production/_ext/64182180/sys_reset.o
LOAD build/pic32mx_eth_sk2_sd_mmc_pictail/production/_ext/2110151058/sys_tmr.o
LOAD build/pic32mx_eth_sk2_sd_mmc_pictail/production/_ext/1886247299/sys_fs_wrapper.o
LOAD build/pic32mx_eth_sk2_sd_mmc_pictail/production/_ext/1886247299/helpers.o
LOAD build/pic32mx_eth_sk2_sd_mmc_pictail/production/_ext/1164207549/tcp.o
LOAD build/pic32mx_eth_sk2_sd_mmc_pictail/production/_ext/1164207549/udp.o
LOAD build/pic32mx_eth_sk2_sd_mmc_pictail/production/_ext/1164207549/tcpip_heap_alloc.o
LOAD build/pic32mx_eth_sk2_sd_mmc_pictail/production/_ext/1164207549/tcpip_heap_internal.o
LOAD build/pic32mx_eth_sk2_sd_mmc_pictail/production/_ext/1164207549/arp.o
LOAD build/pic32mx_eth_sk2_sd_mmc_pictail/production/_ext/1164207549/dhcp.o
LOAD build/pic32mx_eth_sk2_sd_mmc_pictail/production/_ext/1164207549/dns.o
LOAD build/pic32mx_eth_sk2_sd_mmc_pictail/production/_ext/1164207549/http.o
LOAD build/pic32mx_eth_sk2_sd_mmc_pictail/production/_ext/1164207549/icmp.o
LOAD build/pic32mx_eth_sk2_sd_mmc_pictail/production/_ext/1164207549/nbns.o
LOAD build/pic32mx_eth_sk2_sd_mmc_pictail/production/_ext/1164207549/smtp.o
LOAD build/pic32mx_eth_sk2_sd_mmc_pictail/production/_ext/1164207549/tcpip_announce.o
LOAD build/pic32mx_eth_sk2_sd_mmc_pictail/production/_ext/1164207549/hash_fnv.o
LOAD build/pic32mx_eth_sk2_sd_mmc_pictail/production/_ext/1164207549/oahash.o
LOAD build/pic32mx_eth_sk2_sd_mmc_pictail/production/_ext/1164207549/tcpip_helpers.o
LOAD build/pic32mx_eth_sk2_sd_mmc_pictail/production/_ext/1164207549/tcpip_helper_c32.o
LOAD build/pic32mx_eth_sk2_sd_mmc_pictail/production/_ext/1164207549/tcpip_manager.o
LOAD build/pic32mx_eth_sk2_sd_mmc_pictail/production/_ext/1164207549/tcpip_notify.o
LOAD build/pic32mx_eth_sk2_sd_mmc_pictail/production/_ext/1164207549/tcpip_packet.o
LOAD build/pic32mx_eth_sk2_sd_mmc_pictail/production/_ext/1164207549/ipv4.o
LOAD build/pic32mx_eth_sk2_sd_mmc_pictail/production/_ext/2136608937/usb_device.o
LOAD build/pic32mx_eth_sk2_sd_mmc_pictail/production/_ext/2136608937/usb_device_cdc.o
LOAD build/pic32mx_eth_sk2_sd_mmc_pictail/production/_ext/2136608937/usb_device_cdc_acm.o
LOAD build/pic32mx_eth_sk2_sd_mmc_pictail/production/_ext/482662494/sys_devcon_pic32mx.o
LOAD build/pic32mx_eth_sk2_sd_mmc_pictail/production/_ext/831465284/drv_usbfs.o
LOAD build/pic32mx_eth_sk2_sd_mmc_pictail/production/_ext/831465284/drv_usbfs_device.o
LOAD build/pic32mx_eth_sk2_sd_mmc_pictail/production/_ext/598865558/bsp_sys_init.o
LOAD build/pic32mx_eth_sk2_sd_mmc_pictail/production/_ext/125689288/drv_spi_tasks.o
LOAD build/pic32mx_eth_sk2_sd_mmc_pictail/production/_ext/125689288/drv_spi_api.o
LOAD build/pic32mx_eth_sk2_sd_mmc_pictail/production/_ext/125689288/drv_spi_master_ebm_tasks.o
LOAD build/pic32mx_eth_sk2_sd_mmc_pictail/production/_ext/859702757/net_pres_enc_glue.o
LOAD build/pic32mx_eth_sk2_sd_mmc_pictail/production/_ext/1698848730/sys_clk_static.o
LOAD build/pic32mx_eth_sk2_sd_mmc_pictail/production/_ext/986525174/sys_ports_static.o
LOAD build/pic32mx_eth_sk2_sd_mmc_pictail/production/_ext/261824957/system_init.o
LOAD build/pic32mx_eth_sk2_sd_mmc_pictail/production/_ext/261824957/system_interrupt.o
LOAD build/pic32mx_eth_sk2_sd_mmc_pictail/production/_ext/261824957/system_exceptions.o
LOAD build/pic32mx_eth_sk2_sd_mmc_pictail/production/_ext/261824957/system_tasks.o
LOAD ..\..\..\..\..\bin\framework\peripheral\PIC32MX795F512L_peripherals.a
                0x00000001                __MPLAB_BUILD = 0x1
                0x0000afa0                _min_heap_size = 0xafa0
                0x00000800                _min_stack_size = 0x800
LOAD c:/program files (x86)/microchip/xc32/v1.44/bin/bin/../../lib/gcc/pic32mx/4.8.3/../../../../pic32mx/lib/./proc/32MX795F512L\default_isr_vectors.o
LOAD c:/program files (x86)/microchip/xc32/v1.44/bin/bin/../../lib/gcc/pic32mx/4.8.3/../../../../pic32mx/lib\pic32_software_reset.o
                0x00000400                PROVIDE (_min_stack_size, 0x400)
LOAD c:/program files (x86)/microchip/xc32/v1.44/bin/bin/../../lib/gcc/pic32mx/4.8.3/../../../../pic32mx/lib/./proc/32MX795F512L\processor.o
START GROUP
LOAD libmchp_peripheral.a
END GROUP
START GROUP
LOAD libmchp_peripheral_32MX795F512L.a
END GROUP
                0x00000001                PROVIDE (_vector_spacing, 0x1)
                0x9fc01000                PROVIDE (_ebase_address, 0x9fc01000)
                0xbfc00000                _RESET_ADDR = 0xbfc00000
                0xbfc00380                _BEV_EXCPT_ADDR = 0xbfc00380
                0xbfc00480                _DBG_EXCPT_ADDR = 0xbfc00480
                0xbfc02000                _DBG_CODE_ADDR = 0xbfc02000
                0x00000ff0                _DBG_CODE_SIZE = 0xff0
                0x9fc01180                _GEN_EXCPT_ADDR = (_ebase_address + 0x180)

.config_BFC02FF0
                0xbfc02ff0        0x4
 *(.config_BFC02FF0)
 .config_BFC02FF0
                0xbfc02ff0        0x4 build/pic32mx_eth_sk2_sd_mmc_pictail/production/_ext/261824957/system_init.o

.config_BFC02FF4
                0xbfc02ff4        0x4
 *(.config_BFC02FF4)
 .config_BFC02FF4
                0xbfc02ff4        0x4 build/pic32mx_eth_sk2_sd_mmc_pictail/production/_ext/261824957/system_init.o

.config_BFC02FF8
                0xbfc02ff8        0x4
 *(.config_BFC02FF8)
 .config_BFC02FF8
                0xbfc02ff8        0x4 build/pic32mx_eth_sk2_sd_mmc_pictail/production/_ext/261824957/system_init.o

.config_BFC02FFC
                0xbfc02ffc        0x4
 *(.config_BFC02FFC)
 .config_BFC02FFC
                0xbfc02ffc        0x4 build/pic32mx_eth_sk2_sd_mmc_pictail/production/_ext/261824957/system_init.o
                0xbfc02000                PROVIDE (_DBG_CODE_ADDR, 0xbfc02000)
                0x00000ff0                PROVIDE (_DBG_CODE_SIZE, 0xff0)

.reset          0xbfc00000      0x208
 *(.reset)
 .reset         0xbfc00000        0x8 c:/program files (x86)/microchip/xc32/v1.44/bin/bin/../../lib/gcc/pic32mx/4.8.3/../../../../pic32mx/lib/./proc/32MX795F512L/crt0_mips32r2.o
                0xbfc00000                _reset
 *(.reset.startup)
 .reset.startup
                0xbfc00008      0x200 c:/program files (x86)/microchip/xc32/v1.44/bin/bin/../../lib/gcc/pic32mx/4.8.3/../../../../pic32mx/lib/./proc/32MX795F512L/crt0_mips32r2.o
                0xbfc00008                _startup

.bev_excpt      0xbfc00380       0x10
 *(.bev_handler)
 .bev_handler   0xbfc00380       0x10 c:/program files (x86)/microchip/xc32/v1.44/bin/bin/../../lib/gcc/pic32mx/4.8.3/../../../../pic32mx/lib/./proc/32MX795F512L/crt0_mips32r2.o

.dbg_excpt      0xbfc00480        0x0
                0xbfc00480                . = (. + DEFINED (_DEBUGGER)?0x8:0x0)

.dbg_code       0xbfc02000        0x0
                0xbfc02000                . = (. + DEFINED (_DEBUGGER)?_DBG_CODE_SIZE:0x0)

.app_excpt      0x9fc01180       0x10
 *(.gen_handler)
 .gen_handler   0x9fc01180       0x10 c:/program files (x86)/microchip/xc32/v1.44/bin/bin/../../lib/gcc/pic32mx/4.8.3/../../../../pic32mx/lib/./proc/32MX795F512L/crt0_mips32r2.o

.vector_0       0x9fc01200        0x8
 *(.vector_0)
 .vector_0      0x9fc01200        0x8 c:/program files (x86)/microchip/xc32/v1.44/bin/bin/../../lib/gcc/pic32mx/4.8.3/../../../../pic32mx/lib\libpic32.a(vector0.o)
                0x9fc01200                __vector_dispatch_0
                0x00000001                ASSERT (((_vector_spacing == 0x0) || (SIZEOF (.vector_0) <= (_vector_spacing << 0x5))), function at exception vector 0 too large)

.vector_1       0x9fc01220        0x8
 *(.vector_1)
 .vector_1      0x9fc01220        0x8 c:/program files (x86)/microchip/xc32/v1.44/bin/bin/../../lib/gcc/pic32mx/4.8.3/../../../../pic32mx/lib\libpic32.a(vector1.o)
                0x9fc01220                __vector_dispatch_1
                0x00000001                ASSERT (((_vector_spacing == 0x0) || (SIZEOF (.vector_1) <= (_vector_spacing << 0x5))), function at exception vector 1 too large)

.vector_2       0x9fc01240        0x8
 *(.vector_2)
 .vector_2      0x9fc01240        0x8 c:/program files (x86)/microchip/xc32/v1.44/bin/bin/../../lib/gcc/pic32mx/4.8.3/../../../../pic32mx/lib\libpic32.a(vector2.o)
                0x9fc01240                __vector_dispatch_2
                0x00000001                ASSERT (((_vector_spacing == 0x0) || (SIZEOF (.vector_2) <= (_vector_spacing << 0x5))), function at exception vector 2 too large)

.vector_3       0x9fc01260        0x8
 *(.vector_3)
 .vector_3      0x9fc01260        0x8 c:/program files (x86)/microchip/xc32/v1.44/bin/bin/../../lib/gcc/pic32mx/4.8.3/../../../../pic32mx/lib\libpic32.a(vector3.o)
                0x9fc01260                __vector_dispatch_3
                0x00000001                ASSERT (((_vector_spacing == 0x0) || (SIZEOF (.vector_3) <= (_vector_spacing << 0x5))), function at exception vector 3 too large)

.vector_4       0x9fc01280        0x8
 *(.vector_4)
 .vector_4      0x9fc01280        0x8 c:/program files (x86)/microchip/xc32/v1.44/bin/bin/../../lib/gcc/pic32mx/4.8.3/../../../../pic32mx/lib\libpic32.a(vector4.o)
                0x9fc01280                __vector_dispatch_4
                0x00000001                ASSERT (((_vector_spacing == 0x0) || (SIZEOF (.vector_4) <= (_vector_spacing << 0x5))), function at exception vector 4 too large)

.vector_5       0x9fc012a0        0x8
 *(.vector_5)
 .vector_5      0x9fc012a0        0x8 c:/program files (x86)/microchip/xc32/v1.44/bin/bin/../../lib/gcc/pic32mx/4.8.3/../../../../pic32mx/lib\libpic32.a(vector5.o)
                0x9fc012a0                __vector_dispatch_5
                0x00000001                ASSERT (((_vector_spacing == 0x0) || (SIZEOF (.vector_5) <= (_vector_spacing << 0x5))), function at exception vector 5 too large)

.vector_6       0x9fc012c0        0x8
 *(.vector_6)
 .vector_6      0x9fc012c0        0x8 c:/program files (x86)/microchip/xc32/v1.44/bin/bin/../../lib/gcc/pic32mx/4.8.3/../../../../pic32mx/lib\libpic32.a(vector6.o)
                0x9fc012c0                __vector_dispatch_6
                0x00000001                ASSERT (((_vector_spacing == 0x0) || (SIZEOF (.vector_6) <= (_vector_spacing << 0x5))), function at exception vector 6 too large)

.vector_7       0x9fc012e0        0x8
 *(.vector_7)
 .vector_7      0x9fc012e0        0x8 c:/program files (x86)/microchip/xc32/v1.44/bin/bin/../../lib/gcc/pic32mx/4.8.3/../../../../pic32mx/lib\libpic32.a(vector7.o)
                0x9fc012e0                __vector_dispatch_7
                0x00000001                ASSERT (((_vector_spacing == 0x0) || (SIZEOF (.vector_7) <= (_vector_spacing << 0x5))), function at exception vector 7 too large)

.vector_8       0x9fc01300        0x8
 *(.vector_8)
 .vector_8      0x9fc01300        0x8 build/pic32mx_eth_sk2_sd_mmc_pictail/production/_ext/261824957/system_interrupt.o
                0x9fc01300                __vector_dispatch_8
                0x00000001                ASSERT (((_vector_spacing == 0x0) || (SIZEOF (.vector_8) <= (_vector_spacing << 0x5))), function at exception vector 8 too large)

.vector_9       0x9fc01320        0x8
 *(.vector_9)
 .vector_9      0x9fc01320        0x8 c:/program files (x86)/microchip/xc32/v1.44/bin/bin/../../lib/gcc/pic32mx/4.8.3/../../../../pic32mx/lib\libpic32.a(vector9.o)
                0x9fc01320                __vector_dispatch_9
                0x00000001                ASSERT (((_vector_spacing == 0x0) || (SIZEOF (.vector_9) <= (_vector_spacing << 0x5))), function at exception vector 9 too large)

.vector_10      0x9fc01340        0x8
 *(.vector_10)
 .vector_10     0x9fc01340        0x8 c:/program files (x86)/microchip/xc32/v1.44/bin/bin/../../lib/gcc/pic32mx/4.8.3/../../../../pic32mx/lib\libpic32.a(vector10.o)
                0x9fc01340                __vector_dispatch_10
                0x00000001                ASSERT (((_vector_spacing == 0x0) || (SIZEOF (.vector_10) <= (_vector_spacing << 0x5))), function at exception vector 10 too large)

.vector_11      0x9fc01360        0x8
 *(.vector_11)
 .vector_11     0x9fc01360        0x8 c:/program files (x86)/microchip/xc32/v1.44/bin/bin/../../lib/gcc/pic32mx/4.8.3/../../../../pic32mx/lib\libpic32.a(vector11.o)
                0x9fc01360                __vector_dispatch_11
                0x00000001                ASSERT (((_vector_spacing == 0x0) || (SIZEOF (.vector_11) <= (_vector_spacing << 0x5))), function at exception vector 11 too large)

.vector_12      0x9fc01380        0x8
 *(.vector_12)
 .vector_12     0x9fc01380        0x8 c:/program files (x86)/microchip/xc32/v1.44/bin/bin/../../lib/gcc/pic32mx/4.8.3/../../../../pic32mx/lib\libpic32.a(vector12.o)
                0x9fc01380                __vector_dispatch_12
                0x00000001                ASSERT (((_vector_spacing == 0x0) || (SIZEOF (.vector_12) <= (_vector_spacing << 0x5))), function at exception vector 12 too large)

.vector_13      0x9fc013a0        0x8
 *(.vector_13)
 .vector_13     0x9fc013a0        0x8 c:/program files (x86)/microchip/xc32/v1.44/bin/bin/../../lib/gcc/pic32mx/4.8.3/../../../../pic32mx/lib\libpic32.a(vector13.o)
                0x9fc013a0                __vector_dispatch_13
                0x00000001                ASSERT (((_vector_spacing == 0x0) || (SIZEOF (.vector_13) <= (_vector_spacing << 0x5))), function at exception vector 13 too large)

.vector_14      0x9fc013c0        0x8
 *(.vector_14)
 .vector_14     0x9fc013c0        0x8 c:/program files (x86)/microchip/xc32/v1.44/bin/bin/../../lib/gcc/pic32mx/4.8.3/../../../../pic32mx/lib\libpic32.a(vector14.o)
                0x9fc013c0                __vector_dispatch_14
                0x00000001                ASSERT (((_vector_spacing == 0x0) || (SIZEOF (.vector_14) <= (_vector_spacing << 0x5))), function at exception vector 14 too large)

.vector_15      0x9fc013e0        0x8
 *(.vector_15)
 .vector_15     0x9fc013e0        0x8 c:/program files (x86)/microchip/xc32/v1.44/bin/bin/../../lib/gcc/pic32mx/4.8.3/../../../../pic32mx/lib\libpic32.a(vector15.o)
                0x9fc013e0                __vector_dispatch_15
                0x00000001                ASSERT (((_vector_spacing == 0x0) || (SIZEOF (.vector_15) <= (_vector_spacing << 0x5))), function at exception vector 15 too large)

.vector_16      0x9fc01400        0x8
 *(.vector_16)
 .vector_16     0x9fc01400        0x8 c:/program files (x86)/microchip/xc32/v1.44/bin/bin/../../lib/gcc/pic32mx/4.8.3/../../../../pic32mx/lib\libpic32.a(vector16.o)
                0x9fc01400                __vector_dispatch_16
                0x00000001                ASSERT (((_vector_spacing == 0x0) || (SIZEOF (.vector_16) <= (_vector_spacing << 0x5))), function at exception vector 16 too large)

.vector_17      0x9fc01420        0x8
 *(.vector_17)
 .vector_17     0x9fc01420        0x8 c:/program files (x86)/microchip/xc32/v1.44/bin/bin/../../lib/gcc/pic32mx/4.8.3/../../../../pic32mx/lib\libpic32.a(vector17.o)
                0x9fc01420                __vector_dispatch_17
                0x00000001                ASSERT (((_vector_spacing == 0x0) || (SIZEOF (.vector_17) <= (_vector_spacing << 0x5))), function at exception vector 17 too large)

.vector_18      0x9fc01440        0x8
 *(.vector_18)
 .vector_18     0x9fc01440        0x8 c:/program files (x86)/microchip/xc32/v1.44/bin/bin/../../lib/gcc/pic32mx/4.8.3/../../../../pic32mx/lib\libpic32.a(vector18.o)
                0x9fc01440                __vector_dispatch_18
                0x00000001                ASSERT (((_vector_spacing == 0x0) || (SIZEOF (.vector_18) <= (_vector_spacing << 0x5))), function at exception vector 18 too large)

.vector_19      0x9fc01460        0x8
 *(.vector_19)
 .vector_19     0x9fc01460        0x8 c:/program files (x86)/microchip/xc32/v1.44/bin/bin/../../lib/gcc/pic32mx/4.8.3/../../../../pic32mx/lib\libpic32.a(vector19.o)
                0x9fc01460                __vector_dispatch_19
                0x00000001                ASSERT (((_vector_spacing == 0x0) || (SIZEOF (.vector_19) <= (_vector_spacing << 0x5))), function at exception vector 19 too large)

.vector_20      0x9fc01480        0x8
 *(.vector_20)
 .vector_20     0x9fc01480        0x8 c:/program files (x86)/microchip/xc32/v1.44/bin/bin/../../lib/gcc/pic32mx/4.8.3/../../../../pic32mx/lib\libpic32.a(vector20.o)
                0x9fc01480                __vector_dispatch_20
                0x00000001                ASSERT (((_vector_spacing == 0x0) || (SIZEOF (.vector_20) <= (_vector_spacing << 0x5))), function at exception vector 20 too large)

.vector_21      0x9fc014a0        0x8
 *(.vector_21)
 .vector_21     0x9fc014a0        0x8 c:/program files (x86)/microchip/xc32/v1.44/bin/bin/../../lib/gcc/pic32mx/4.8.3/../../../../pic32mx/lib\libpic32.a(vector21.o)
                0x9fc014a0                __vector_dispatch_21
                0x00000001                ASSERT (((_vector_spacing == 0x0) || (SIZEOF (.vector_21) <= (_vector_spacing << 0x5))), function at exception vector 21 too large)

.vector_22      0x9fc014c0        0x8
 *(.vector_22)
 .vector_22     0x9fc014c0        0x8 c:/program files (x86)/microchip/xc32/v1.44/bin/bin/../../lib/gcc/pic32mx/4.8.3/../../../../pic32mx/lib\libpic32.a(vector22.o)
                0x9fc014c0                __vector_dispatch_22
                0x00000001                ASSERT (((_vector_spacing == 0x0) || (SIZEOF (.vector_22) <= (_vector_spacing << 0x5))), function at exception vector 22 too large)

.vector_23      0x9fc014e0        0x8
 *(.vector_23)
 .vector_23     0x9fc014e0        0x8 build/pic32mx_eth_sk2_sd_mmc_pictail/production/_ext/261824957/system_interrupt.o
                0x9fc014e0                __vector_dispatch_23
                0x00000001                ASSERT (((_vector_spacing == 0x0) || (SIZEOF (.vector_23) <= (_vector_spacing << 0x5))), function at exception vector 23 too large)

.vector_24      0x9fc01500        0x8
 *(.vector_24)
 .vector_24     0x9fc01500        0x8 c:/program files (x86)/microchip/xc32/v1.44/bin/bin/../../lib/gcc/pic32mx/4.8.3/../../../../pic32mx/lib\libpic32.a(vector24.o)
                0x9fc01500                __vector_dispatch_24
                0x00000001                ASSERT (((_vector_spacing == 0x0) || (SIZEOF (.vector_24) <= (_vector_spacing << 0x5))), function at exception vector 24 too large)

.vector_25      0x9fc01520        0x8
 *(.vector_25)
 .vector_25     0x9fc01520        0x8 c:/program files (x86)/microchip/xc32/v1.44/bin/bin/../../lib/gcc/pic32mx/4.8.3/../../../../pic32mx/lib\libpic32.a(vector25.o)
                0x9fc01520                __vector_dispatch_25
                0x00000001                ASSERT (((_vector_spacing == 0x0) || (SIZEOF (.vector_25) <= (_vector_spacing << 0x5))), function at exception vector 25 too large)

.vector_26      0x9fc01540        0x8
 *(.vector_26)
 .vector_26     0x9fc01540        0x8 c:/program files (x86)/microchip/xc32/v1.44/bin/bin/../../lib/gcc/pic32mx/4.8.3/../../../../pic32mx/lib\libpic32.a(vector26.o)
                0x9fc01540                __vector_dispatch_26
                0x00000001                ASSERT (((_vector_spacing == 0x0) || (SIZEOF (.vector_26) <= (_vector_spacing << 0x5))), function at exception vector 26 too large)

.vector_27      0x9fc01560        0x8
 *(.vector_27)
 .vector_27     0x9fc01560        0x8 c:/program files (x86)/microchip/xc32/v1.44/bin/bin/../../lib/gcc/pic32mx/4.8.3/../../../../pic32mx/lib\libpic32.a(vector27.o)
                0x9fc01560                __vector_dispatch_27
                0x00000001                ASSERT (((_vector_spacing == 0x0) || (SIZEOF (.vector_27) <= (_vector_spacing << 0x5))), function at exception vector 27 too large)

.vector_28      0x9fc01580        0x8
 *(.vector_28)
 .vector_28     0x9fc01580        0x8 c:/program files (x86)/microchip/xc32/v1.44/bin/bin/../../lib/gcc/pic32mx/4.8.3/../../../../pic32mx/lib\libpic32.a(vector28.o)
                0x9fc01580                __vector_dispatch_28
                0x00000001                ASSERT (((_vector_spacing == 0x0) || (SIZEOF (.vector_28) <= (_vector_spacing << 0x5))), function at exception vector 28 too large)

.vector_29      0x9fc015a0        0x8
 *(.vector_29)
 .vector_29     0x9fc015a0        0x8 c:/program files (x86)/microchip/xc32/v1.44/bin/bin/../../lib/gcc/pic32mx/4.8.3/../../../../pic32mx/lib\libpic32.a(vector29.o)
                0x9fc015a0                __vector_dispatch_29
                0x00000001                ASSERT (((_vector_spacing == 0x0) || (SIZEOF (.vector_29) <= (_vector_spacing << 0x5))), function at exception vector 29 too large)

.vector_30      0x9fc015c0        0x8
 *(.vector_30)
 .vector_30     0x9fc015c0        0x8 c:/program files (x86)/microchip/xc32/v1.44/bin/bin/../../lib/gcc/pic32mx/4.8.3/../../../../pic32mx/lib\libpic32.a(vector30.o)
                0x9fc015c0                __vector_dispatch_30
                0x00000001                ASSERT (((_vector_spacing == 0x0) || (SIZEOF (.vector_30) <= (_vector_spacing << 0x5))), function at exception vector 30 too large)

.vector_31      0x9fc015e0        0x8
 *(.vector_31)
 .vector_31     0x9fc015e0        0x8 c:/program files (x86)/microchip/xc32/v1.44/bin/bin/../../lib/gcc/pic32mx/4.8.3/../../../../pic32mx/lib\libpic32.a(vector31.o)
                0x9fc015e0                __vector_dispatch_31
                0x00000001                ASSERT (((_vector_spacing == 0x0) || (SIZEOF (.vector_31) <= (_vector_spacing << 0x5))), function at exception vector 31 too large)

.vector_32      0x9fc01600        0x8
 *(.vector_32)
 .vector_32     0x9fc01600        0x8 c:/program files (x86)/microchip/xc32/v1.44/bin/bin/../../lib/gcc/pic32mx/4.8.3/../../../../pic32mx/lib\libpic32.a(vector32.o)
                0x9fc01600                __vector_dispatch_32
                0x00000001                ASSERT (((_vector_spacing == 0x0) || (SIZEOF (.vector_32) <= (_vector_spacing << 0x5))), function at exception vector 32 too large)

.vector_33      0x9fc01620        0x8
 *(.vector_33)
 .vector_33     0x9fc01620        0x8 c:/program files (x86)/microchip/xc32/v1.44/bin/bin/../../lib/gcc/pic32mx/4.8.3/../../../../pic32mx/lib\libpic32.a(vector33.o)
                0x9fc01620                __vector_dispatch_33
                0x00000001                ASSERT (((_vector_spacing == 0x0) || (SIZEOF (.vector_33) <= (_vector_spacing << 0x5))), function at exception vector 33 too large)

.vector_34      0x9fc01640        0x8
 *(.vector_34)
 .vector_34     0x9fc01640        0x8 c:/program files (x86)/microchip/xc32/v1.44/bin/bin/../../lib/gcc/pic32mx/4.8.3/../../../../pic32mx/lib\libpic32.a(vector34.o)
                0x9fc01640                __vector_dispatch_34
                0x00000001                ASSERT (((_vector_spacing == 0x0) || (SIZEOF (.vector_34) <= (_vector_spacing << 0x5))), function at exception vector 34 too large)

.vector_35      0x9fc01660        0x8
 *(.vector_35)
 .vector_35     0x9fc01660        0x8 c:/program files (x86)/microchip/xc32/v1.44/bin/bin/../../lib/gcc/pic32mx/4.8.3/../../../../pic32mx/lib\libpic32.a(vector35.o)
                0x9fc01660                __vector_dispatch_35
                0x00000001                ASSERT (((_vector_spacing == 0x0) || (SIZEOF (.vector_35) <= (_vector_spacing << 0x5))), function at exception vector 35 too large)

.vector_36      0x9fc01680        0x8
 *(.vector_36)
 .vector_36     0x9fc01680        0x8 c:/program files (x86)/microchip/xc32/v1.44/bin/bin/../../lib/gcc/pic32mx/4.8.3/../../../../pic32mx/lib\libpic32.a(vector36.o)
                0x9fc01680                __vector_dispatch_36
                0x00000001                ASSERT (((_vector_spacing == 0x0) || (SIZEOF (.vector_36) <= (_vector_spacing << 0x5))), function at exception vector 36 too large)

.vector_37      0x9fc016a0        0x8
 *(.vector_37)
 .vector_37     0x9fc016a0        0x8 c:/program files (x86)/microchip/xc32/v1.44/bin/bin/../../lib/gcc/pic32mx/4.8.3/../../../../pic32mx/lib\libpic32.a(vector37.o)
                0x9fc016a0                __vector_dispatch_37
                0x00000001                ASSERT (((_vector_spacing == 0x0) || (SIZEOF (.vector_37) <= (_vector_spacing << 0x5))), function at exception vector 37 too large)

.vector_38      0x9fc016c0        0x8
 *(.vector_38)
 .vector_38     0x9fc016c0        0x8 c:/program files (x86)/microchip/xc32/v1.44/bin/bin/../../lib/gcc/pic32mx/4.8.3/../../../../pic32mx/lib\libpic32.a(vector38.o)
                0x9fc016c0                __vector_dispatch_38
                0x00000001                ASSERT (((_vector_spacing == 0x0) || (SIZEOF (.vector_38) <= (_vector_spacing << 0x5))), function at exception vector 38 too large)

.vector_39      0x9fc016e0        0x8
 *(.vector_39)
 .vector_39     0x9fc016e0        0x8 c:/program files (x86)/microchip/xc32/v1.44/bin/bin/../../lib/gcc/pic32mx/4.8.3/../../../../pic32mx/lib\libpic32.a(vector39.o)
                0x9fc016e0                __vector_dispatch_39
                0x00000001                ASSERT (((_vector_spacing == 0x0) || (SIZEOF (.vector_39) <= (_vector_spacing << 0x5))), function at exception vector 39 too large)

.vector_40      0x9fc01700        0x8
 *(.vector_40)
 .vector_40     0x9fc01700        0x8 c:/program files (x86)/microchip/xc32/v1.44/bin/bin/../../lib/gcc/pic32mx/4.8.3/../../../../pic32mx/lib\libpic32.a(vector40.o)
                0x9fc01700                __vector_dispatch_40
                0x00000001                ASSERT (((_vector_spacing == 0x0) || (SIZEOF (.vector_40) <= (_vector_spacing << 0x5))), function at exception vector 40 too large)

.vector_41      0x9fc01720        0x8
 *(.vector_41)
 .vector_41     0x9fc01720        0x8 c:/program files (x86)/microchip/xc32/v1.44/bin/bin/../../lib/gcc/pic32mx/4.8.3/../../../../pic32mx/lib\libpic32.a(vector41.o)
                0x9fc01720                __vector_dispatch_41
                0x00000001                ASSERT (((_vector_spacing == 0x0) || (SIZEOF (.vector_41) <= (_vector_spacing << 0x5))), function at exception vector 41 too large)

.vector_42      0x9fc01740        0x8
 *(.vector_42)
 .vector_42     0x9fc01740        0x8 c:/program files (x86)/microchip/xc32/v1.44/bin/bin/../../lib/gcc/pic32mx/4.8.3/../../../../pic32mx/lib\libpic32.a(vector42.o)
                0x9fc01740                __vector_dispatch_42
                0x00000001                ASSERT (((_vector_spacing == 0x0) || (SIZEOF (.vector_42) <= (_vector_spacing << 0x5))), function at exception vector 42 too large)

.vector_43      0x9fc01760        0x8
 *(.vector_43)
 .vector_43     0x9fc01760        0x8 c:/program files (x86)/microchip/xc32/v1.44/bin/bin/../../lib/gcc/pic32mx/4.8.3/../../../../pic32mx/lib\libpic32.a(vector43.o)
                0x9fc01760                __vector_dispatch_43
                0x00000001                ASSERT (((_vector_spacing == 0x0) || (SIZEOF (.vector_43) <= (_vector_spacing << 0x5))), function at exception vector 43 too large)

.vector_44      0x9fc01780        0x8
 *(.vector_44)
 .vector_44     0x9fc01780        0x8 c:/program files (x86)/microchip/xc32/v1.44/bin/bin/../../lib/gcc/pic32mx/4.8.3/../../../../pic32mx/lib\libpic32.a(vector44.o)
                0x9fc01780                __vector_dispatch_44
                0x00000001                ASSERT (((_vector_spacing == 0x0) || (SIZEOF (.vector_44) <= (_vector_spacing << 0x5))), function at exception vector 44 too large)

.vector_45      0x9fc017a0        0x8
 *(.vector_45)
 .vector_45     0x9fc017a0        0x8 build/pic32mx_eth_sk2_sd_mmc_pictail/production/_ext/261824957/system_interrupt.o
                0x9fc017a0                __vector_dispatch_45
                0x00000001                ASSERT (((_vector_spacing == 0x0) || (SIZEOF (.vector_45) <= (_vector_spacing << 0x5))), function at exception vector 45 too large)

.vector_46      0x9fc017c0        0x8
 *(.vector_46)
 .vector_46     0x9fc017c0        0x8 c:/program files (x86)/microchip/xc32/v1.44/bin/bin/../../lib/gcc/pic32mx/4.8.3/../../../../pic32mx/lib\libpic32.a(vector46.o)
                0x9fc017c0                __vector_dispatch_46
                0x00000001                ASSERT (((_vector_spacing == 0x0) || (SIZEOF (.vector_46) <= (_vector_spacing << 0x5))), function at exception vector 46 too large)

.vector_47      0x9fc017e0        0x8
 *(.vector_47)
 .vector_47     0x9fc017e0        0x8 c:/program files (x86)/microchip/xc32/v1.44/bin/bin/../../lib/gcc/pic32mx/4.8.3/../../../../pic32mx/lib\libpic32.a(vector47.o)
                0x9fc017e0                __vector_dispatch_47
                0x00000001                ASSERT (((_vector_spacing == 0x0) || (SIZEOF (.vector_47) <= (_vector_spacing << 0x5))), function at exception vector 47 too large)

.vector_48      0x9fc01800        0x8
 *(.vector_48)
 .vector_48     0x9fc01800        0x8 build/pic32mx_eth_sk2_sd_mmc_pictail/production/_ext/261824957/system_interrupt.o
                0x9fc01800                __vector_dispatch_48
                0x00000001                ASSERT (((_vector_spacing == 0x0) || (SIZEOF (.vector_48) <= (_vector_spacing << 0x5))), function at exception vector 48 too large)

.vector_49      0x9fc01820        0x8
 *(.vector_49)
 .vector_49     0x9fc01820        0x8 c:/program files (x86)/microchip/xc32/v1.44/bin/bin/../../lib/gcc/pic32mx/4.8.3/../../../../pic32mx/lib\libpic32.a(vector49.o)
                0x9fc01820                __vector_dispatch_49
                0x00000001                ASSERT (((_vector_spacing == 0x0) || (SIZEOF (.vector_49) <= (_vector_spacing << 0x5))), function at exception vector 49 too large)

.vector_50      0x9fc01840        0x8
 *(.vector_50)
 .vector_50     0x9fc01840        0x8 c:/program files (x86)/microchip/xc32/v1.44/bin/bin/../../lib/gcc/pic32mx/4.8.3/../../../../pic32mx/lib\libpic32.a(vector50.o)
                0x9fc01840                __vector_dispatch_50
                0x00000001                ASSERT (((_vector_spacing == 0x0) || (SIZEOF (.vector_50) <= (_vector_spacing << 0x5))), function at exception vector 50 too large)

.vector_51      0x9fc01860        0x8
 *(.vector_51)
 .vector_51     0x9fc01860        0x8 c:/program files (x86)/microchip/xc32/v1.44/bin/bin/../../lib/gcc/pic32mx/4.8.3/../../../../pic32mx/lib\libpic32.a(vector51.o)
                0x9fc01860                __vector_dispatch_51
                0x00000001                ASSERT (((_vector_spacing == 0x0) || (SIZEOF (.vector_51) <= (_vector_spacing << 0x5))), function at exception vector 51 too large)

.vector_52      0x9fc01880        0x0
 *(.vector_52)
                0x00000001                ASSERT (((_vector_spacing == 0x0) || (SIZEOF (.vector_52) <= (_vector_spacing << 0x5))), function at exception vector 52 too large)

.vector_53      0x9fc018a0        0x0
 *(.vector_53)
                0x00000001                ASSERT (((_vector_spacing == 0x0) || (SIZEOF (.vector_53) <= (_vector_spacing << 0x5))), function at exception vector 53 too large)

.vector_54      0x9fc018c0        0x0
 *(.vector_54)
                0x00000001                ASSERT (((_vector_spacing == 0x0) || (SIZEOF (.vector_54) <= (_vector_spacing << 0x5))), function at exception vector 54 too large)

.vector_55      0x9fc018e0        0x0
 *(.vector_55)
                0x00000001                ASSERT (((_vector_spacing == 0x0) || (SIZEOF (.vector_55) <= (_vector_spacing << 0x5))), function at exception vector 55 too large)

.vector_56      0x9fc01900        0x0
 *(.vector_56)
                0x00000001                ASSERT (((_vector_spacing == 0x0) || (SIZEOF (.vector_56) <= (_vector_spacing << 0x5))), function at exception vector 56 too large)

.vector_57      0x9fc01920        0x0
 *(.vector_57)
                0x00000001                ASSERT (((_vector_spacing == 0x0) || (SIZEOF (.vector_57) <= (_vector_spacing << 0x5))), function at exception vector 57 too large)

.vector_58      0x9fc01940        0x0
 *(.vector_58)
                0x00000001                ASSERT (((_vector_spacing == 0x0) || (SIZEOF (.vector_58) <= (_vector_spacing << 0x5))), function at exception vector 58 too large)

.vector_59      0x9fc01960        0x0
 *(.vector_59)
                0x00000001                ASSERT (((_vector_spacing == 0x0) || (SIZEOF (.vector_59) <= (_vector_spacing << 0x5))), function at exception vector 59 too large)

.vector_60      0x9fc01980        0x0
 *(.vector_60)
                0x00000001                ASSERT (((_vector_spacing == 0x0) || (SIZEOF (.vector_60) <= (_vector_spacing << 0x5))), function at exception vector 60 too large)

.vector_61      0x9fc019a0        0x0
 *(.vector_61)
                0x00000001                ASSERT (((_vector_spacing == 0x0) || (SIZEOF (.vector_61) <= (_vector_spacing << 0x5))), function at exception vector 61 too large)

.vector_62      0x9fc019c0        0x0
 *(.vector_62)
                0x00000001                ASSERT (((_vector_spacing == 0x0) || (SIZEOF (.vector_62) <= (_vector_spacing << 0x5))), function at exception vector 62 too large)

.vector_63      0x9fc019e0        0x0
 *(.vector_63)
                0x00000001                ASSERT (((_vector_spacing == 0x0) || (SIZEOF (.vector_63) <= (_vector_spacing << 0x5))), function at exception vector 63 too large)

.startup
 *(.startup)

.text           0x9d000000        0x0
 *(.stub .gnu.linkonce.t.*)
 *(.text.*personality*)
 *(.mips16.fn.*)
 *(.mips16.call.*)
 *(.gnu.warning)
                0x9d000000                . = ALIGN (0x4)

.init           0x9d000000        0x0
 *crti.o(.init)
 *crtbegin.o(.init)
 *(EXCLUDE_FILE(*crtn.o *crtend?.o *crtend.o) .init)
 *crtend.o(.init)
 *crtn.o(.init)
                0x9d000000                . = ALIGN (0x4)

.fini           0x9d000000        0x0
 *(.fini)
                0x9d000000                . = ALIGN (0x4)

.preinit_array  0x9d000000        0x0
                0x9d000000                PROVIDE (__preinit_array_start, .)
 *(.preinit_array)
                0x9d000000                PROVIDE (__preinit_array_end, .)
                0x9d000000                . = ALIGN (0x4)

.init_array     0x9d000000        0x0
                0x9d000000                PROVIDE (__init_array_start, .)
 *(SORT(.init_array.*))
 *(.init_array)
                0x9d000000                PROVIDE (__init_array_end, .)
                0x9d000000                . = ALIGN (0x4)

.fini_array     0x9d000000        0x0
                0x9d000000                PROVIDE (__fini_array_start, .)
 *(SORT(.fini_array.*))
 *(.fini_array)
                0x9d000000                PROVIDE (__fini_array_end, .)
                0x9d000000                . = ALIGN (0x4)

.ctors          0x9d000000        0x0
 *crtbegin.o(.ctors)
 *crtbegin?.o(.ctors)
 *(EXCLUDE_FILE(*crtend?.o *crtend.o) .ctors)
 *(SORT(.ctors.*))
 *(.ctors)
                0x9d000000                . = ALIGN (0x4)

.dtors          0x9d000000        0x0
 *crtbegin.o(.dtors)
 *crtbegin?.o(.dtors)
 *(EXCLUDE_FILE(*crtend?.o *crtend.o) .dtors)
 *(SORT(.dtors.*))
 *(.dtors)
                0x9d000000                . = ALIGN (0x4)

.rodata         0x9d000000        0x0
 *(.gnu.linkonce.r.*)
 *(.rodata1)
                0x9d000000                . = ALIGN (0x4)

.sdata2         0x9fc00490        0x0
 *(.sdata2 .sdata2.* .gnu.linkonce.s2.*)
                0x9fc00490                . = ALIGN (0x4)

.sbss2          0x9fc00490        0x0
 *(.sbss2 .sbss2.* .gnu.linkonce.sb2.*)
                0x9fc00490                . = ALIGN (0x4)

.eh_frame_hdr
 *(.eh_frame_hdr)
                0x9fc00490                . = ALIGN (0x4)

.eh_frame
 *(.eh_frame)
                0x9fc00490                . = ALIGN (0x4)

.gcc_except_table
 *(.gcc_except_table .gcc_except_table.*)
                0x9fc00490                . = ALIGN (0x4)

.dbg_data       0xa0000000        0x0
                0xa0000000                . = (. + DEFINED (_DEBUGGER)?0x200:0x0)

.jcr            0xa0000000        0x0
 *(.jcr)
                0xa0000000                . = ALIGN (0x4)

.eh_frame
 *(.eh_frame)
                0xa0000000                . = ALIGN (0x4)

.gcc_except_table
 *(.gcc_except_table .gcc_except_table.*)
                0xa0000000                . = ALIGN (0x4)

.persist        0xa0000000        0x0
                0xa0000000                _persist_begin = .
 *(.persist .persist.*)
 *(.pbss .pbss.*)
                0xa0000000                . = ALIGN (0x4)
                0xa0000000                _persist_end = .

.data           0xa0000000        0x0
 *(.gnu.linkonce.d.*)
 *(.data1)
                0xa0000000                . = ALIGN (0x4)
                0xa0000000                . = .
                0xa0007ff0                _gp = (ALIGN (0x10) + 0x7ff0)

.got            0xa0000000        0x0
 *(.got.plt)
 *(.got)
                0xa0000000                . = ALIGN (0x4)

.sdata          0xa0000000       0x30
                0xa0000000                _sdata_begin = .
 *(.sdata .sdata.* .gnu.linkonce.s.*)
 .sdata         0xa0000000        0x8 build/pic32mx_eth_sk2_sd_mmc_pictail/production/_ext/1360937237/app.o
 .sdata         0xa0000008        0x8 build/pic32mx_eth_sk2_sd_mmc_pictail/production/_ext/732200470/diskio.o
                0xa0000008                gDiskCommandHandle
                0xa000000c                gDiskCommandStatus
 .sdata         0xa0000010        0x8 build/pic32mx_eth_sk2_sd_mmc_pictail/production/_ext/1164207549/arp.o
 .sdata         0xa0000018        0x2 build/pic32mx_eth_sk2_sd_mmc_pictail/production/_ext/1164207549/smtp.o
 *fill*         0xa000001a        0x2 
 .sdata         0xa000001c        0x4 build/pic32mx_eth_sk2_sd_mmc_pictail/production/_ext/1164207549/tcpip_manager.o
 .sdata         0xa0000020        0xc build/pic32mx_eth_sk2_sd_mmc_pictail/production/_ext/261824957/system_init.o
                0xa0000020                consUsbInit0
                0xa0000028                sysConsoleObjects
 .sdata         0xa000002c        0x4 c:/program files (x86)/microchip/xc32/v1.44/bin/bin/../../lib/gcc/pic32mx/4.8.3/../../../../pic32mx/lib\libpic32.a(xc32_uart.o)
                0xa000002c                __XC_UART
                0xa0000030                . = ALIGN (0x4)
                0xa0000030                _sdata_end = .

.lit8
 *(.lit8)

.lit4
 *(.lit4)
                0xa0000030                . = ALIGN (0x4)
                0xa0000030                _data_end = .
                0xa0000030                _bss_begin = .

.sbss           0xa0000030      0x204
                0xa0000030                _sbss_begin = .
 *(.dynsbss)
 *(.sbss .sbss.* .gnu.linkonce.sb.*)
 .sbss          0xa0000030        0x8 build/pic32mx_eth_sk2_sd_mmc_pictail/production/_ext/1360937237/app.o
                0xa0000034                LEDstate
 .sbss          0xa0000038        0xc build/pic32mx_eth_sk2_sd_mmc_pictail/production/_ext/1360937237/custom_http_app.o
 .sbss          0xa0000044        0xc build/pic32mx_eth_sk2_sd_mmc_pictail/production/_ext/29024758/memory.o
 .sbss          0xa0000050        0x4 build/pic32mx_eth_sk2_sd_mmc_pictail/production/_ext/1697634946/drv_ethmac.o
 .sbss          0xa0000054        0x6 build/pic32mx_eth_sk2_sd_mmc_pictail/production/_ext/1789358541/drv_sdcard.o
                0xa0000054                resetTimeout
                0xa0000056                gDrvSDCARDBufferToken
                0xa0000058                gDrvSDCARDInitCount
 .sbss          0xa000005a        0x1 build/pic32mx_eth_sk2_sd_mmc_pictail/production/_ext/1324760662/drv_spi.o
 *fill*         0xa000005b        0x1 
 .sbss          0xa000005c        0x4 build/pic32mx_eth_sk2_sd_mmc_pictail/production/_ext/941160041/drv_tmr.o
 .sbss          0xa0000060       0x10 build/pic32mx_eth_sk2_sd_mmc_pictail/production/_ext/1891376032/sys_command.o
 .sbss          0xa0000070       0x14 build/pic32mx_eth_sk2_sd_mmc_pictail/production/_ext/1434663852/sys_console_usb_cdc.o
                0xa0000070                pReadBuf
 .sbss          0xa0000084        0x4 build/pic32mx_eth_sk2_sd_mmc_pictail/production/_ext/1750042194/sys_fs.o
                0xa0000084                gSYSFSEventHandler
 .sbss          0xa0000088        0x6 build/pic32mx_eth_sk2_sd_mmc_pictail/production/_ext/1964723635/ff.o
 *fill*         0xa000008e        0x2 
 .sbss          0xa0000090       0x24 build/pic32mx_eth_sk2_sd_mmc_pictail/production/_ext/1164207549/tcp.o
 .sbss          0xa00000b4       0x1c build/pic32mx_eth_sk2_sd_mmc_pictail/production/_ext/1164207549/udp.o
 .sbss          0xa00000d0       0x20 build/pic32mx_eth_sk2_sd_mmc_pictail/production/_ext/1164207549/dhcp.o
 .sbss          0xa00000f0       0x10 build/pic32mx_eth_sk2_sd_mmc_pictail/production/_ext/1164207549/dns.o
                0xa00000f0                _DNSStayCondLoop
                0xa00000f4                _DNSStayAssertLoop
 .sbss          0xa0000100       0x20 build/pic32mx_eth_sk2_sd_mmc_pictail/production/_ext/1164207549/http.o
 .sbss          0xa0000120        0xc build/pic32mx_eth_sk2_sd_mmc_pictail/production/_ext/1164207549/icmp.o
 .sbss          0xa000012c        0xc build/pic32mx_eth_sk2_sd_mmc_pictail/production/_ext/1164207549/nbns.o
 .sbss          0xa0000138       0x44 build/pic32mx_eth_sk2_sd_mmc_pictail/production/_ext/1164207549/smtp.o
 .sbss          0xa000017c       0x1c build/pic32mx_eth_sk2_sd_mmc_pictail/production/_ext/1164207549/tcpip_announce.o
 .sbss          0xa0000198       0x24 build/pic32mx_eth_sk2_sd_mmc_pictail/production/_ext/1164207549/tcpip_manager.o
 .sbss          0xa00001bc        0x8 build/pic32mx_eth_sk2_sd_mmc_pictail/production/_ext/1164207549/tcpip_packet.o
 .sbss          0xa00001c4       0x1c build/pic32mx_eth_sk2_sd_mmc_pictail/production/_ext/1164207549/ipv4.o
                0xa00001c4                _IPv4StayAssertLoop
 .sbss          0xa00001e0        0x8 build/pic32mx_eth_sk2_sd_mmc_pictail/production/_ext/261824957/system_init.o
                0xa00001e0                sysCmdInit
 .sbss          0xa00001e8        0xc build/pic32mx_eth_sk2_sd_mmc_pictail/production/_ext/261824957/system_exceptions.o
 *(.scommon)
 .scommon       0xa00001f4        0x8 build/pic32mx_eth_sk2_sd_mmc_pictail/production/_ext/1360937237/app.o
                0xa00001f4                appData
 .scommon       0xa00001fc        0xc build/pic32mx_eth_sk2_sd_mmc_pictail/production/_ext/1789358541/drv_sdcard.o
                0xa00001fc                gDrvSDCARDClientMutex
                0xa0000200                gDrvSDCARDQueueObj
 .scommon       0xa0000208        0x4 build/pic32mx_eth_sk2_sd_mmc_pictail/production/_ext/2137108136/sys_debug.o
                0xa0000208                gblErrLvl
 .scommon       0xa000020c        0x8 build/pic32mx_eth_sk2_sd_mmc_pictail/production/_ext/482662494/sys_devcon.o
                0xa000020c                sysDevconObj
 .scommon       0xa0000214       0x19 build/pic32mx_eth_sk2_sd_mmc_pictail/production/_ext/1750042194/sys_fs.o
                0xa0000214                gSYSFSObj
                0xa000021c                mutexFileSystemObj
                0xa0000220                gSYSFSCurrentMountPoint
                0xa0000228                errorValue
                0xa000022c                mutexDirObj
 *fill*         0xa000022d        0x3 
 .scommon       0xa0000230        0x2 build/pic32mx_eth_sk2_sd_mmc_pictail/production/_ext/2136608937/usb_device_cdc.o
                0xa0000230                gUSBDeviceCdcCommonDataObj
                0xa0000232                _sbss_end = .
                0xa0000234                . = ALIGN (0x4)
 *fill*         0xa0000232        0x2 

.bss            0xa0000400     0x268c
 *(.dynbss)
 *(COMMON)
 COMMON         0xa0000400       0x60 build/pic32mx_eth_sk2_sd_mmc_pictail/production/_ext/521481140/drv_ethphy.o
                0xa0000400                gDrvETHPHYClientObj
                0xa0000438                gDrvETHPHYObj
 COMMON         0xa0000460      0x224 build/pic32mx_eth_sk2_sd_mmc_pictail/production/_ext/1789358541/drv_sdcard.o
                0xa0000460                gDrvSDCARDClientObj
                0xa0000474                gDrvSDCARDObj
                0xa0000544                gDrvSDCARDTransferObj
 COMMON         0xa0000684      0x36c build/pic32mx_eth_sk2_sd_mmc_pictail/production/_ext/871719959/net_pres.o
                0xa0000684                sNetPresData
                0xa0000888                sNetPresSockets
 COMMON         0xa00009f0       0x10 build/pic32mx_eth_sk2_sd_mmc_pictail/production/_ext/2137108136/sys_debug.o
                0xa00009f0                sysDebugInstance
 COMMON         0xa0000a00     0x1c84 build/pic32mx_eth_sk2_sd_mmc_pictail/production/_ext/1750042194/sys_fs.o
                0xa0000a00                gSYSFSFileObj
                0xa0002490                gSYSFSDirObj
                0xa0002620                gSYSFSMountPoint
 COMMON         0xa0002684       0xc2 build/pic32mx_eth_sk2_sd_mmc_pictail/production/_ext/1750042194/sys_fs_media_manager.o
                0xa0002684                gSYSFSMediaObject
                0xa00026b0                gSYSFSVolumeObject
                0xa000273c                VolToPart
 *fill*         0xa0002746        0x2 
 COMMON         0xa0002748      0x118 build/pic32mx_eth_sk2_sd_mmc_pictail/production/_ext/2136608937/usb_device_cdc.o
                0xa0002748                gUSBDeviceCDCInstance
                0xa0002788                gUSBDeviceCDCIRP
 COMMON         0xa0002860       0xc8 build/pic32mx_eth_sk2_sd_mmc_pictail/production/_ext/831465284/drv_usbfs.o
                0xa0002860                gDrvUSBGroup
 *fill*         0xa0002928       0xd8 
 COMMON         0xa0002a00       0x8c build/pic32mx_eth_sk2_sd_mmc_pictail/production/_ext/261824957/system_init.o
                0xa0002a00                endPointTable
                0xa0002a60                sysObj
                0xa0002a8c                . = ALIGN ((. != 0x0)?0x4:0x1)
                0xa0002a8c                . = ALIGN (0x4)
                0xa0002a8c                _end = .
                0xa0002a8c                _bss_end = .
                0x00020000                _bmxdudba_address = 0x20000
                0x00020000                _bmxdupba_address = 0x20000

/DISCARD/
 *(.pdr)
 *(.rel.dyn)
 *(.note.GNU-stack)
 *(.note.GNU-stack)
 *(.gnu_debuglink)
 *(.gnu.lto_*)
 *(.discard)

.gptab.sdata
 *(.gptab.data)
 *(.gptab.sdata)

.gptab.sbss
 *(.gptab.bss)
 *(.gptab.sbss)

.mdebug.abi32   0xa0002a8c        0x0
 *(.mdebug.abi32)
 .mdebug.abi32  0xa0002a8c        0x0 build/pic32mx_eth_sk2_sd_mmc_pictail/production/_ext/1360937237/app.o
 .mdebug.abi32  0xa0002a8c        0x0 build/pic32mx_eth_sk2_sd_mmc_pictail/production/_ext/1360937237/main.o
 .mdebug.abi32  0xa0002a8c        0x0 build/pic32mx_eth_sk2_sd_mmc_pictail/production/_ext/1360937237/http_print.o
 .mdebug.abi32  0xa0002a8c        0x0 build/pic32mx_eth_sk2_sd_mmc_pictail/production/_ext/1360937237/custom_http_app.o
 .mdebug.abi32  0xa0002a8c        0x0 build/pic32mx_eth_sk2_sd_mmc_pictail/production/_ext/2046866571/adler32.o
 .mdebug.abi32  0xa0002a8c        0x0 build/pic32mx_eth_sk2_sd_mmc_pictail/production/_ext/2046866571/compress.o
 .mdebug.abi32  0xa0002a8c        0x0 build/pic32mx_eth_sk2_sd_mmc_pictail/production/_ext/2046866571/crc32.o
 .mdebug.abi32  0xa0002a8c        0x0 build/pic32mx_eth_sk2_sd_mmc_pictail/production/_ext/2046866571/deflate.o
 .mdebug.abi32  0xa0002a8c        0x0 build/pic32mx_eth_sk2_sd_mmc_pictail/production/_ext/2046866571/infback.o
 .mdebug.abi32  0xa0002a8c        0x0 build/pic32mx_eth_sk2_sd_mmc_pictail/production/_ext/2046866571/inffast.o
 .mdebug.abi32  0xa0002a8c        0x0 build/pic32mx_eth_sk2_sd_mmc_pictail/production/_ext/2046866571/inflate.o
 .mdebug.abi32  0xa0002a8c        0x0 build/pic32mx_eth_sk2_sd_mmc_pictail/production/_ext/2046866571/inftrees.o
 .mdebug.abi32  0xa0002a8c        0x0 build/pic32mx_eth_sk2_sd_mmc_pictail/production/_ext/2046866571/trees.o
 .mdebug.abi32  0xa0002a8c        0x0 build/pic32mx_eth_sk2_sd_mmc_pictail/production/_ext/2046866571/uncompr.o
 .mdebug.abi32  0xa0002a8c        0x0 build/pic32mx_eth_sk2_sd_mmc_pictail/production/_ext/2046866571/zutil.o
 .mdebug.abi32  0xa0002a8c        0x0 build/pic32mx_eth_sk2_sd_mmc_pictail/production/_ext/29024758/ecc.o
 .mdebug.abi32  0xa0002a8c        0x0 build/pic32mx_eth_sk2_sd_mmc_pictail/production/_ext/29024758/arc4.o
 .mdebug.abi32  0xa0002a8c        0x0 build/pic32mx_eth_sk2_sd_mmc_pictail/production/_ext/29024758/pwdbased.o
 .mdebug.abi32  0xa0002a8c        0x0 build/pic32mx_eth_sk2_sd_mmc_pictail/production/_ext/29024758/tfm.o
 .mdebug.abi32  0xa0002a8c        0x0 build/pic32mx_eth_sk2_sd_mmc_pictail/production/_ext/29024758/asn.o
 .mdebug.abi32  0xa0002a8c        0x0 build/pic32mx_eth_sk2_sd_mmc_pictail/production/_ext/29024758/des3.o
 .mdebug.abi32  0xa0002a8c        0x0 build/pic32mx_eth_sk2_sd_mmc_pictail/production/_ext/29024758/rsa.o
 .mdebug.abi32  0xa0002a8c        0x0 build/pic32mx_eth_sk2_sd_mmc_pictail/production/_ext/29024758/aes.o
 .mdebug.abi32  0xa0002a8c        0x0 build/pic32mx_eth_sk2_sd_mmc_pictail/production/_ext/29024758/md5.o
 .mdebug.abi32  0xa0002a8c        0x0 build/pic32mx_eth_sk2_sd_mmc_pictail/production/_ext/29024758/sha.o
 .mdebug.abi32  0xa0002a8c        0x0 build/pic32mx_eth_sk2_sd_mmc_pictail/production/_ext/29024758/sha256.o
 .mdebug.abi32  0xa0002a8c        0x0 build/pic32mx_eth_sk2_sd_mmc_pictail/production/_ext/29024758/sha512.o
 .mdebug.abi32  0xa0002a8c        0x0 build/pic32mx_eth_sk2_sd_mmc_pictail/production/_ext/29024758/hmac.o
 .mdebug.abi32  0xa0002a8c        0x0 build/pic32mx_eth_sk2_sd_mmc_pictail/production/_ext/29024758/hash.o
 .mdebug.abi32  0xa0002a8c        0x0 build/pic32mx_eth_sk2_sd_mmc_pictail/production/_ext/29024758/compress.o
 .mdebug.abi32  0xa0002a8c        0x0 build/pic32mx_eth_sk2_sd_mmc_pictail/production/_ext/29024758/random.o
 .mdebug.abi32  0xa0002a8c        0x0 build/pic32mx_eth_sk2_sd_mmc_pictail/production/_ext/29024758/crypto.o
 .mdebug.abi32  0xa0002a8c        0x0 build/pic32mx_eth_sk2_sd_mmc_pictail/production/_ext/29024758/coding.o
 .mdebug.abi32  0xa0002a8c        0x0 build/pic32mx_eth_sk2_sd_mmc_pictail/production/_ext/29024758/error.o
 .mdebug.abi32  0xa0002a8c        0x0 build/pic32mx_eth_sk2_sd_mmc_pictail/production/_ext/29024758/integer.o
 .mdebug.abi32  0xa0002a8c        0x0 build/pic32mx_eth_sk2_sd_mmc_pictail/production/_ext/29024758/logging.o
 .mdebug.abi32  0xa0002a8c        0x0 build/pic32mx_eth_sk2_sd_mmc_pictail/production/_ext/29024758/memory.o
 .mdebug.abi32  0xa0002a8c        0x0 build/pic32mx_eth_sk2_sd_mmc_pictail/production/_ext/29024758/misc.o
 .mdebug.abi32  0xa0002a8c        0x0 build/pic32mx_eth_sk2_sd_mmc_pictail/production/_ext/29024758/port.o
 .mdebug.abi32  0xa0002a8c        0x0 build/pic32mx_eth_sk2_sd_mmc_pictail/production/_ext/1697634946/drv_ethmac.o
 .mdebug.abi32  0xa0002a8c        0x0 build/pic32mx_eth_sk2_sd_mmc_pictail/production/_ext/1697634946/drv_ethmac_lib.o
 .mdebug.abi32  0xa0002a8c        0x0 build/pic32mx_eth_sk2_sd_mmc_pictail/production/_ext/521481140/drv_extphy_smsc8740.o
 .mdebug.abi32  0xa0002a8c        0x0 build/pic32mx_eth_sk2_sd_mmc_pictail/production/_ext/521481140/drv_ethphy.o
 .mdebug.abi32  0xa0002a8c        0x0 build/pic32mx_eth_sk2_sd_mmc_pictail/production/_ext/1789358541/drv_sdcard.o
 .mdebug.abi32  0xa0002a8c        0x0 build/pic32mx_eth_sk2_sd_mmc_pictail/production/_ext/1324760662/drv_spi.o
 .mdebug.abi32  0xa0002a8c        0x0 build/pic32mx_eth_sk2_sd_mmc_pictail/production/_ext/1385053818/drv_spi_sys_queue_fifo.o
 .mdebug.abi32  0xa0002a8c        0x0 build/pic32mx_eth_sk2_sd_mmc_pictail/production/_ext/941160041/drv_tmr.o
 .mdebug.abi32  0xa0002a8c        0x0 build/pic32mx_eth_sk2_sd_mmc_pictail/production/_ext/871719959/net_pres.o
 .mdebug.abi32  0xa0002a8c        0x0 build/pic32mx_eth_sk2_sd_mmc_pictail/production/_ext/1891376032/sys_command.o
 .mdebug.abi32  0xa0002a8c        0x0 build/pic32mx_eth_sk2_sd_mmc_pictail/production/_ext/1434663852/sys_console.o
 .mdebug.abi32  0xa0002a8c        0x0 build/pic32mx_eth_sk2_sd_mmc_pictail/production/_ext/1434663852/sys_console_usb_cdc.o
 .mdebug.abi32  0xa0002a8c        0x0 build/pic32mx_eth_sk2_sd_mmc_pictail/production/_ext/2137108136/sys_debug.o
 .mdebug.abi32  0xa0002a8c        0x0 build/pic32mx_eth_sk2_sd_mmc_pictail/production/_ext/482662494/sys_devcon.o
 .mdebug.abi32  0xa0002a8c        0x0 build/pic32mx_eth_sk2_sd_mmc_pictail/production/_ext/1750042194/sys_fs.o
 .mdebug.abi32  0xa0002a8c        0x0 build/pic32mx_eth_sk2_sd_mmc_pictail/production/_ext/1750042194/sys_fs_media_manager.o
 .mdebug.abi32  0xa0002a8c        0x0 build/pic32mx_eth_sk2_sd_mmc_pictail/production/_ext/1964723635/ff.o
 .mdebug.abi32  0xa0002a8c        0x0 build/pic32mx_eth_sk2_sd_mmc_pictail/production/_ext/732200470/diskio.o
 .mdebug.abi32  0xa0002a8c        0x0 build/pic32mx_eth_sk2_sd_mmc_pictail/production/_ext/1042686532/sys_int_pic32.o
 .mdebug.abi32  0xa0002a8c        0x0 build/pic32mx_eth_sk2_sd_mmc_pictail/production/_ext/470001640/sys_random.o
 .mdebug.abi32  0xa0002a8c        0x0 build/pic32mx_eth_sk2_sd_mmc_pictail/production/_ext/64182180/sys_reset.o
 .mdebug.abi32  0xa0002a8c        0x0 build/pic32mx_eth_sk2_sd_mmc_pictail/production/_ext/2110151058/sys_tmr.o
 .mdebug.abi32  0xa0002a8c        0x0 build/pic32mx_eth_sk2_sd_mmc_pictail/production/_ext/1886247299/sys_fs_wrapper.o
 .mdebug.abi32  0xa0002a8c        0x0 build/pic32mx_eth_sk2_sd_mmc_pictail/production/_ext/1886247299/helpers.o
 .mdebug.abi32  0xa0002a8c        0x0 build/pic32mx_eth_sk2_sd_mmc_pictail/production/_ext/1164207549/tcp.o
 .mdebug.abi32  0xa0002a8c        0x0 build/pic32mx_eth_sk2_sd_mmc_pictail/production/_ext/1164207549/udp.o
 .mdebug.abi32  0xa0002a8c        0x0 build/pic32mx_eth_sk2_sd_mmc_pictail/production/_ext/1164207549/tcpip_heap_alloc.o
 .mdebug.abi32  0xa0002a8c        0x0 build/pic32mx_eth_sk2_sd_mmc_pictail/production/_ext/1164207549/tcpip_heap_internal.o
 .mdebug.abi32  0xa0002a8c        0x0 build/pic32mx_eth_sk2_sd_mmc_pictail/production/_ext/1164207549/arp.o
 .mdebug.abi32  0xa0002a8c        0x0 build/pic32mx_eth_sk2_sd_mmc_pictail/production/_ext/1164207549/dhcp.o
 .mdebug.abi32  0xa0002a8c        0x0 build/pic32mx_eth_sk2_sd_mmc_pictail/production/_ext/1164207549/dns.o
 .mdebug.abi32  0xa0002a8c        0x0 build/pic32mx_eth_sk2_sd_mmc_pictail/production/_ext/1164207549/http.o
 .mdebug.abi32  0xa0002a8c        0x0 build/pic32mx_eth_sk2_sd_mmc_pictail/production/_ext/1164207549/icmp.o
 .mdebug.abi32  0xa0002a8c        0x0 build/pic32mx_eth_sk2_sd_mmc_pictail/production/_ext/1164207549/nbns.o
 .mdebug.abi32  0xa0002a8c        0x0 build/pic32mx_eth_sk2_sd_mmc_pictail/production/_ext/1164207549/smtp.o
 .mdebug.abi32  0xa0002a8c        0x0 build/pic32mx_eth_sk2_sd_mmc_pictail/production/_ext/1164207549/tcpip_announce.o
 .mdebug.abi32  0xa0002a8c        0x0 build/pic32mx_eth_sk2_sd_mmc_pictail/production/_ext/1164207549/hash_fnv.o
 .mdebug.abi32  0xa0002a8c        0x0 build/pic32mx_eth_sk2_sd_mmc_pictail/production/_ext/1164207549/oahash.o
 .mdebug.abi32  0xa0002a8c        0x0 build/pic32mx_eth_sk2_sd_mmc_pictail/production/_ext/1164207549/tcpip_helpers.o
 .mdebug.abi32  0xa0002a8c        0x0 build/pic32mx_eth_sk2_sd_mmc_pictail/production/_ext/1164207549/tcpip_manager.o
 .mdebug.abi32  0xa0002a8c        0x0 build/pic32mx_eth_sk2_sd_mmc_pictail/production/_ext/1164207549/tcpip_notify.o
 .mdebug.abi32  0xa0002a8c        0x0 build/pic32mx_eth_sk2_sd_mmc_pictail/production/_ext/1164207549/tcpip_packet.o
 .mdebug.abi32  0xa0002a8c        0x0 build/pic32mx_eth_sk2_sd_mmc_pictail/production/_ext/1164207549/ipv4.o
 .mdebug.abi32  0xa0002a8c        0x0 build/pic32mx_eth_sk2_sd_mmc_pictail/production/_ext/2136608937/usb_device.o
 .mdebug.abi32  0xa0002a8c        0x0 build/pic32mx_eth_sk2_sd_mmc_pictail/production/_ext/2136608937/usb_device_cdc.o
 .mdebug.abi32  0xa0002a8c        0x0 build/pic32mx_eth_sk2_sd_mmc_pictail/production/_ext/2136608937/usb_device_cdc_acm.o
 .mdebug.abi32  0xa0002a8c        0x0 build/pic32mx_eth_sk2_sd_mmc_pictail/production/_ext/482662494/sys_devcon_pic32mx.o
 .mdebug.abi32  0xa0002a8c        0x0 build/pic32mx_eth_sk2_sd_mmc_pictail/production/_ext/831465284/drv_usbfs.o
 .mdebug.abi32  0xa0002a8c        0x0 build/pic32mx_eth_sk2_sd_mmc_pictail/production/_ext/831465284/drv_usbfs_device.o
 .mdebug.abi32  0xa0002a8c        0x0 build/pic32mx_eth_sk2_sd_mmc_pictail/production/_ext/598865558/bsp_sys_init.o
 .mdebug.abi32  0xa0002a8c        0x0 build/pic32mx_eth_sk2_sd_mmc_pictail/production/_ext/125689288/drv_spi_tasks.o
 .mdebug.abi32  0xa0002a8c        0x0 build/pic32mx_eth_sk2_sd_mmc_pictail/production/_ext/125689288/drv_spi_api.o
 .mdebug.abi32  0xa0002a8c        0x0 build/pic32mx_eth_sk2_sd_mmc_pictail/production/_ext/125689288/drv_spi_master_ebm_tasks.o
 .mdebug.abi32  0xa0002a8c        0x0 build/pic32mx_eth_sk2_sd_mmc_pictail/production/_ext/859702757/net_pres_enc_glue.o
 .mdebug.abi32  0xa0002a8c        0x0 build/pic32mx_eth_sk2_sd_mmc_pictail/production/_ext/1698848730/sys_clk_static.o
 .mdebug.abi32  0xa0002a8c        0x0 build/pic32mx_eth_sk2_sd_mmc_pictail/production/_ext/986525174/sys_ports_static.o
 .mdebug.abi32  0xa0002a8c        0x0 build/pic32mx_eth_sk2_sd_mmc_pictail/production/_ext/261824957/system_init.o
 .mdebug.abi32  0xa0002a8c        0x0 build/pic32mx_eth_sk2_sd_mmc_pictail/production/_ext/261824957/system_interrupt.o
 .mdebug.abi32  0xa0002a8c        0x0 build/pic32mx_eth_sk2_sd_mmc_pictail/production/_ext/261824957/system_exceptions.o
 .mdebug.abi32  0xa0002a8c        0x0 build/pic32mx_eth_sk2_sd_mmc_pictail/production/_ext/261824957/system_tasks.o
 .mdebug.abi32  0xa0002a8c        0x0 ..\..\..\..\..\bin\framework\peripheral\PIC32MX795F512L_peripherals.a(plib_eth_lib.o)
 .mdebug.abi32  0xa0002a8c        0x0 c:/program files (x86)/microchip/xc32/v1.44/bin/bin/../../lib/gcc/pic32mx/4.8.3\libgcc.a(_udivdi3.o)
 .mdebug.abi32  0xa0002a8c        0x0 c:/program files (x86)/microchip/xc32/v1.44/bin/bin/../../lib/gcc/pic32mx/4.8.3/../../../../pic32mx/lib\libpic32.a(default-bootstrap-exception-handler.o)
 .mdebug.abi32  0xa0002a8c        0x0 c:/program files (x86)/microchip/xc32/v1.44/bin/bin/../../lib/gcc/pic32mx/4.8.3/../../../../pic32mx/lib\libpic32.a(default-on-reset.o)
 .mdebug.abi32  0xa0002a8c        0x0 c:/program files (x86)/microchip/xc32/v1.44/bin/bin/../../lib/gcc/pic32mx/4.8.3/../../../../pic32mx/lib\libpic32.a(default-on-bootstrap.o)
 .mdebug.abi32  0xa0002a8c        0x0 c:/program files (x86)/microchip/xc32/v1.44/bin/bin/../../lib/gcc/pic32mx/4.8.3/../../../../pic32mx/lib\libpic32.a(defaultinterrupt.o)
 .mdebug.abi32  0xa0002a8c        0x0 c:/program files (x86)/microchip/xc32/v1.44/bin/bin/../../lib/gcc/pic32mx/4.8.3/../../../../pic32mx/lib\libc.a(atoi.o)
 .mdebug.abi32  0xa0002a8c        0x0 c:/program files (x86)/microchip/xc32/v1.44/bin/bin/../../lib/gcc/pic32mx/4.8.3/../../../../pic32mx/lib\libc.a(atol.o)
 .mdebug.abi32  0xa0002a8c        0x0 c:/program files (x86)/microchip/xc32/v1.44/bin/bin/../../lib/gcc/pic32mx/4.8.3/../../../../pic32mx/lib\libc.a(calloc.o)
 .mdebug.abi32  0xa0002a8c        0x0 c:/program files (x86)/microchip/xc32/v1.44/bin/bin/../../lib/gcc/pic32mx/4.8.3/../../../../pic32mx/lib\libc.a(ctype.o)
 .mdebug.abi32  0xa0002a8c        0x0 c:/program files (x86)/microchip/xc32/v1.44/bin/bin/../../lib/gcc/pic32mx/4.8.3/../../../../pic32mx/lib\libc.a(ctypef.o)
 .mdebug.abi32  0xa0002a8c        0x0 c:/program files (x86)/microchip/xc32/v1.44/bin/bin/../../lib/gcc/pic32mx/4.8.3/../../../../pic32mx/lib\libc.a(malloc.o)
 .mdebug.abi32  0xa0002a8c        0x0 c:/program files (x86)/microchip/xc32/v1.44/bin/bin/../../lib/gcc/pic32mx/4.8.3/../../../../pic32mx/lib\libc.a(rand.o)
 .mdebug.abi32  0xa0002a8c        0x0 c:/program files (x86)/microchip/xc32/v1.44/bin/bin/../../lib/gcc/pic32mx/4.8.3/../../../../pic32mx/lib\libc.a(strcat.o)
 .mdebug.abi32  0xa0002a8c        0x0 c:/program files (x86)/microchip/xc32/v1.44/bin/bin/../../lib/gcc/pic32mx/4.8.3/../../../../pic32mx/lib\libc.a(strchr.o)
 .mdebug.abi32  0xa0002a8c        0x0 c:/program files (x86)/microchip/xc32/v1.44/bin/bin/../../lib/gcc/pic32mx/4.8.3/../../../../pic32mx/lib\libc.a(strncat.o)
 .mdebug.abi32  0xa0002a8c        0x0 c:/program files (x86)/microchip/xc32/v1.44/bin/bin/../../lib/gcc/pic32mx/4.8.3/../../../../pic32mx/lib\libc.a(strncmp.o)
 .mdebug.abi32  0xa0002a8c        0x0 c:/program files (x86)/microchip/xc32/v1.44/bin/bin/../../lib/gcc/pic32mx/4.8.3/../../../../pic32mx/lib\libc.a(strncpy.o)
 .mdebug.abi32  0xa0002a8c        0x0 c:/program files (x86)/microchip/xc32/v1.44/bin/bin/../../lib/gcc/pic32mx/4.8.3/../../../../pic32mx/lib\libc.a(strstr.o)
 .mdebug.abi32  0xa0002a8c        0x0 c:/program files (x86)/microchip/xc32/v1.44/bin/bin/../../lib/gcc/pic32mx/4.8.3/../../../../pic32mx/lib\libc.a(strtol.o)
 .mdebug.abi32  0xa0002a8c        0x0 c:/program files (x86)/microchip/xc32/v1.44/bin/bin/../../lib/gcc/pic32mx/4.8.3/../../../../pic32mx/lib\libc.a(sprintf_cdnopuxX.eo)
 .mdebug.abi32  0xa0002a8c        0x0 c:/program files (x86)/microchip/xc32/v1.44/bin/bin/../../lib/gcc/pic32mx/4.8.3/../../../../pic32mx/lib\libc.a(vsnprintf.o)
 .mdebug.abi32  0xa0002a8c        0x0 c:/program files (x86)/microchip/xc32/v1.44/bin/bin/../../lib/gcc/pic32mx/4.8.3/../../../../pic32mx/lib\libc.a(errno.o)
 .mdebug.abi32  0xa0002a8c        0x0 c:/program files (x86)/microchip/xc32/v1.44/bin/bin/../../lib/gcc/pic32mx/4.8.3/../../../../pic32mx/lib\libc.a(doprnt_cdnopuxX.eo)
 .mdebug.abi32  0xa0002a8c        0x0 c:/program files (x86)/microchip/xc32/v1.44/bin/bin/../../lib/gcc/pic32mx/4.8.3/../../../../pic32mx/lib\libc.a(doprnt.o)
 .mdebug.abi32  0xa0002a8c        0x0 c:/program files (x86)/microchip/xc32/v1.44/bin/bin/../../lib/gcc/pic32mx/4.8.3/../../../../pic32mx/lib\libc.a(_fputc_simple.o)
 .mdebug.abi32  0xa0002a8c        0x0 c:/program files (x86)/microchip/xc32/v1.44/bin/bin/../../lib/gcc/pic32mx/4.8.3/../../../../pic32mx/lib\libc.a(ldpowers.o)
 .mdebug.abi32  0xa0002a8c        0x0 c:/program files (x86)/microchip/xc32/v1.44/bin/bin/../../lib/gcc/pic32mx/4.8.3/../../../../pic32mx/lib\libc.a(_iob.o)
 .mdebug.abi32  0xa0002a8c        0x0 c:/program files (x86)/microchip/xc32/v1.44/bin/bin/../../lib/gcc/pic32mx/4.8.3/../../../../pic32mx/lib\libc.a(_flsbuf_simple.o)
 .mdebug.abi32  0xa0002a8c        0x0 c:/program files (x86)/microchip/xc32/v1.44/bin/bin/../../lib/gcc/pic32mx/4.8.3/../../../../pic32mx/lib\libe.a(_fixunsdfdi.o)
 .mdebug.abi32  0xa0002a8c        0x0 c:/program files (x86)/microchip/xc32/v1.44/bin/bin/../../lib/gcc/pic32mx/4.8.3/../../../../pic32mx/lib\libe.a(_orderdf2.o)
 .mdebug.abi32  0xa0002a8c        0x0 c:/program files (x86)/microchip/xc32/v1.44/bin/bin/../../lib/gcc/pic32mx/4.8.3/../../../../pic32mx/lib\libe.a(_fixdfdi.o)
 .mdebug.abi32  0xa0002a8c        0x0 c:/program files (x86)/microchip/xc32/v1.44/bin/bin/../../lib/gcc/pic32mx/4.8.3\libgcc.a(_floatundidf.o)
 .mdebug.abi32  0xa0002a8c        0x0 c:/program files (x86)/microchip/xc32/v1.44/bin/bin/../../lib/gcc/pic32mx/4.8.3\libgcc.a(_umoddi3.o)
 .mdebug.abi32  0xa0002a8c        0x0 c:/program files (x86)/microchip/xc32/v1.44/bin/bin/../../lib/gcc/pic32mx/4.8.3\libgcc.a(floatunsidf.o)
 .mdebug.abi32  0xa0002a8c        0x0 c:/program files (x86)/microchip/xc32/v1.44/bin/bin/../../lib/gcc/pic32mx/4.8.3/../../../../pic32mx/lib\libpic32.a(sbrk.o)
 .mdebug.abi32  0xa0002a8c        0x0 c:/program files (x86)/microchip/xc32/v1.44/bin/bin/../../lib/gcc/pic32mx/4.8.3/../../../../pic32mx/lib\libpic32.a(write.o)
 .mdebug.abi32  0xa0002a8c        0x0 c:/program files (x86)/microchip/xc32/v1.44/bin/bin/../../lib/gcc/pic32mx/4.8.3/../../../../pic32mx/lib\libpic32.a(_mon_putc.o)
 .mdebug.abi32  0xa0002a8c        0x0 c:/program files (x86)/microchip/xc32/v1.44/bin/bin/../../lib/gcc/pic32mx/4.8.3/../../../../pic32mx/lib\libpic32.a(xc32_uart.o)

.mdebug.abiN32
 *(.mdebug.abiN32)

.mdebug.abi64
 *(.mdebug.abi64)

.mdebug.abiO64
 *(.mdebug.abiO64)

.mdebug.eabi32
 *(.mdebug.eabi32)

.mdebug.eabi64
 *(.mdebug.eabi64)

.gcc_compiled_long32
 *(.gcc_compiled_long32)

.gcc_compiled_long64
 *(.gcc_compiled_long64)

.stab
 *(.stab)

.stabstr
 *(.stabstr)

.stab.excl
 *(.stab.excl)

.stab.exclstr
 *(.stab.exclstr)

.stab.index
 *(.stab.index)

.stab.indexstr
 *(.stab.indexstr)

.comment        0x00000000      0x31a
 *(.comment)
 .comment       0x00000000       0x3c build/pic32mx_eth_sk2_sd_mmc_pictail/production/_ext/1360937237/app.o
                                 0x3d (size before relaxing)
 .comment       0x00000000       0x3d build/pic32mx_eth_sk2_sd_mmc_pictail/production/_ext/1360937237/main.o
 .comment       0x00000000       0x3d build/pic32mx_eth_sk2_sd_mmc_pictail/production/_ext/1360937237/http_print.o
 .comment       0x00000000       0x3d build/pic32mx_eth_sk2_sd_mmc_pictail/production/_ext/1360937237/custom_http_app.o
 .comment       0x00000000       0x3d build/pic32mx_eth_sk2_sd_mmc_pictail/production/_ext/2046866571/adler32.o
 .comment       0x00000000       0x3d build/pic32mx_eth_sk2_sd_mmc_pictail/production/_ext/2046866571/compress.o
 .comment       0x00000000       0x3d build/pic32mx_eth_sk2_sd_mmc_pictail/production/_ext/2046866571/crc32.o
 .comment       0x00000000       0x3d build/pic32mx_eth_sk2_sd_mmc_pictail/production/_ext/2046866571/deflate.o
 .comment       0x00000000       0x3d build/pic32mx_eth_sk2_sd_mmc_pictail/production/_ext/2046866571/infback.o
 .comment       0x00000000       0x3d build/pic32mx_eth_sk2_sd_mmc_pictail/production/_ext/2046866571/inffast.o
 .comment       0x00000000       0x3d build/pic32mx_eth_sk2_sd_mmc_pictail/production/_ext/2046866571/inflate.o
 .comment       0x00000000       0x3d build/pic32mx_eth_sk2_sd_mmc_pictail/production/_ext/2046866571/inftrees.o
 .comment       0x00000000       0x3d build/pic32mx_eth_sk2_sd_mmc_pictail/production/_ext/2046866571/trees.o
 .comment       0x00000000       0x3d build/pic32mx_eth_sk2_sd_mmc_pictail/production/_ext/2046866571/uncompr.o
 .comment       0x00000000       0x3d build/pic32mx_eth_sk2_sd_mmc_pictail/production/_ext/2046866571/zutil.o
 .comment       0x00000000       0x3d build/pic32mx_eth_sk2_sd_mmc_pictail/production/_ext/29024758/ecc.o
 .comment       0x00000000       0x3d build/pic32mx_eth_sk2_sd_mmc_pictail/production/_ext/29024758/arc4.o
 .comment       0x00000000       0x3d build/pic32mx_eth_sk2_sd_mmc_pictail/production/_ext/29024758/pwdbased.o
 .comment       0x00000000       0x3d build/pic32mx_eth_sk2_sd_mmc_pictail/production/_ext/29024758/tfm.o
 .comment       0x00000000       0x3d build/pic32mx_eth_sk2_sd_mmc_pictail/production/_ext/29024758/asn.o
 .comment       0x00000000       0x3d build/pic32mx_eth_sk2_sd_mmc_pictail/production/_ext/29024758/des3.o
 .comment       0x00000000       0x3d build/pic32mx_eth_sk2_sd_mmc_pictail/production/_ext/29024758/rsa.o
 .comment       0x00000000       0x3d build/pic32mx_eth_sk2_sd_mmc_pictail/production/_ext/29024758/aes.o
 .comment       0x00000000       0x3d build/pic32mx_eth_sk2_sd_mmc_pictail/production/_ext/29024758/md5.o
 .comment       0x00000000       0x3d build/pic32mx_eth_sk2_sd_mmc_pictail/production/_ext/29024758/sha.o
 .comment       0x00000000       0x3d build/pic32mx_eth_sk2_sd_mmc_pictail/production/_ext/29024758/sha256.o
 .comment       0x00000000       0x3d build/pic32mx_eth_sk2_sd_mmc_pictail/production/_ext/29024758/sha512.o
 .comment       0x00000000       0x3d build/pic32mx_eth_sk2_sd_mmc_pictail/production/_ext/29024758/hmac.o
 .comment       0x00000000       0x3d build/pic32mx_eth_sk2_sd_mmc_pictail/production/_ext/29024758/hash.o
 .comment       0x00000000       0x3d build/pic32mx_eth_sk2_sd_mmc_pictail/production/_ext/29024758/compress.o
 .comment       0x00000000       0x3d build/pic32mx_eth_sk2_sd_mmc_pictail/production/_ext/29024758/random.o
 .comment       0x00000000       0x3d build/pic32mx_eth_sk2_sd_mmc_pictail/production/_ext/29024758/crypto.o
 .comment       0x00000000       0x3d build/pic32mx_eth_sk2_sd_mmc_pictail/production/_ext/29024758/coding.o
 .comment       0x00000000       0x3d build/pic32mx_eth_sk2_sd_mmc_pictail/production/_ext/29024758/error.o
 .comment       0x00000000       0x3d build/pic32mx_eth_sk2_sd_mmc_pictail/production/_ext/29024758/integer.o
 .comment       0x00000000       0x3d build/pic32mx_eth_sk2_sd_mmc_pictail/production/_ext/29024758/logging.o
 .comment       0x00000000       0x3d build/pic32mx_eth_sk2_sd_mmc_pictail/production/_ext/29024758/memory.o
 .comment       0x00000000       0x3d build/pic32mx_eth_sk2_sd_mmc_pictail/production/_ext/29024758/misc.o
 .comment       0x00000000       0x3d build/pic32mx_eth_sk2_sd_mmc_pictail/production/_ext/29024758/port.o
 .comment       0x00000000       0x3d build/pic32mx_eth_sk2_sd_mmc_pictail/production/_ext/1697634946/drv_ethmac.o
 .comment       0x00000000       0x3d build/pic32mx_eth_sk2_sd_mmc_pictail/production/_ext/1697634946/drv_ethmac_lib.o
 .comment       0x00000000       0x3d build/pic32mx_eth_sk2_sd_mmc_pictail/production/_ext/521481140/drv_extphy_smsc8740.o
 .comment       0x00000000       0x3d build/pic32mx_eth_sk2_sd_mmc_pictail/production/_ext/521481140/drv_ethphy.o
 .comment       0x00000000       0x3d build/pic32mx_eth_sk2_sd_mmc_pictail/production/_ext/1789358541/drv_sdcard.o
 .comment       0x00000000       0x3d build/pic32mx_eth_sk2_sd_mmc_pictail/production/_ext/1324760662/drv_spi.o
 .comment       0x00000000       0x3d build/pic32mx_eth_sk2_sd_mmc_pictail/production/_ext/1385053818/drv_spi_sys_queue_fifo.o
 .comment       0x00000000       0x3d build/pic32mx_eth_sk2_sd_mmc_pictail/production/_ext/941160041/drv_tmr.o
 .comment       0x00000000       0x3d build/pic32mx_eth_sk2_sd_mmc_pictail/production/_ext/871719959/net_pres.o
 .comment       0x00000000       0x3d build/pic32mx_eth_sk2_sd_mmc_pictail/production/_ext/1891376032/sys_command.o
 .comment       0x00000000       0x3d build/pic32mx_eth_sk2_sd_mmc_pictail/production/_ext/1434663852/sys_console.o
 .comment       0x00000000       0x3d build/pic32mx_eth_sk2_sd_mmc_pictail/production/_ext/1434663852/sys_console_usb_cdc.o
 .comment       0x00000000       0x3d build/pic32mx_eth_sk2_sd_mmc_pictail/production/_ext/2137108136/sys_debug.o
 .comment       0x00000000       0x3d build/pic32mx_eth_sk2_sd_mmc_pictail/production/_ext/482662494/sys_devcon.o
 .comment       0x00000000       0x3d build/pic32mx_eth_sk2_sd_mmc_pictail/production/_ext/1750042194/sys_fs.o
 .comment       0x00000000       0x3d build/pic32mx_eth_sk2_sd_mmc_pictail/production/_ext/1750042194/sys_fs_media_manager.o
 .comment       0x00000000       0x3d build/pic32mx_eth_sk2_sd_mmc_pictail/production/_ext/1964723635/ff.o
 .comment       0x00000000       0x3d build/pic32mx_eth_sk2_sd_mmc_pictail/production/_ext/732200470/diskio.o
 .comment       0x00000000       0x3d build/pic32mx_eth_sk2_sd_mmc_pictail/production/_ext/1042686532/sys_int_pic32.o
 .comment       0x00000000       0x3d build/pic32mx_eth_sk2_sd_mmc_pictail/production/_ext/470001640/sys_random.o
 .comment       0x00000000       0x3d build/pic32mx_eth_sk2_sd_mmc_pictail/production/_ext/64182180/sys_reset.o
 .comment       0x00000000       0x3d build/pic32mx_eth_sk2_sd_mmc_pictail/production/_ext/2110151058/sys_tmr.o
 .comment       0x00000000       0x3d build/pic32mx_eth_sk2_sd_mmc_pictail/production/_ext/1886247299/sys_fs_wrapper.o
 .comment       0x00000000       0x3d build/pic32mx_eth_sk2_sd_mmc_pictail/production/_ext/1886247299/helpers.o
 .comment       0x00000000       0x3d build/pic32mx_eth_sk2_sd_mmc_pictail/production/_ext/1164207549/tcp.o
 .comment       0x00000000       0x3d build/pic32mx_eth_sk2_sd_mmc_pictail/production/_ext/1164207549/udp.o
 .comment       0x00000000       0x3d build/pic32mx_eth_sk2_sd_mmc_pictail/production/_ext/1164207549/tcpip_heap_alloc.o
 .comment       0x00000000       0x3d build/pic32mx_eth_sk2_sd_mmc_pictail/production/_ext/1164207549/tcpip_heap_internal.o
 .comment       0x00000000       0x3d build/pic32mx_eth_sk2_sd_mmc_pictail/production/_ext/1164207549/arp.o
 .comment       0x00000000       0x3d build/pic32mx_eth_sk2_sd_mmc_pictail/production/_ext/1164207549/dhcp.o
 .comment       0x00000000       0x3d build/pic32mx_eth_sk2_sd_mmc_pictail/production/_ext/1164207549/dns.o
 .comment       0x00000000       0x3d build/pic32mx_eth_sk2_sd_mmc_pictail/production/_ext/1164207549/http.o
 .comment       0x00000000       0x3d build/pic32mx_eth_sk2_sd_mmc_pictail/production/_ext/1164207549/icmp.o
 .comment       0x00000000       0x3d build/pic32mx_eth_sk2_sd_mmc_pictail/production/_ext/1164207549/nbns.o
 .comment       0x00000000       0x3d build/pic32mx_eth_sk2_sd_mmc_pictail/production/_ext/1164207549/smtp.o
 .comment       0x00000000       0x3d build/pic32mx_eth_sk2_sd_mmc_pictail/production/_ext/1164207549/tcpip_announce.o
 .comment       0x00000000       0x3d build/pic32mx_eth_sk2_sd_mmc_pictail/production/_ext/1164207549/hash_fnv.o
 .comment       0x00000000       0x3d build/pic32mx_eth_sk2_sd_mmc_pictail/production/_ext/1164207549/oahash.o
 .comment       0x00000000       0x3d build/pic32mx_eth_sk2_sd_mmc_pictail/production/_ext/1164207549/tcpip_helpers.o
 .comment       0x00000000       0x3d build/pic32mx_eth_sk2_sd_mmc_pictail/production/_ext/1164207549/tcpip_manager.o
 .comment       0x00000000       0x3d build/pic32mx_eth_sk2_sd_mmc_pictail/production/_ext/1164207549/tcpip_notify.o
 .comment       0x00000000       0x3d build/pic32mx_eth_sk2_sd_mmc_pictail/production/_ext/1164207549/tcpip_packet.o
 .comment       0x00000000       0x3d build/pic32mx_eth_sk2_sd_mmc_pictail/production/_ext/1164207549/ipv4.o
 .comment       0x00000000       0x3d build/pic32mx_eth_sk2_sd_mmc_pictail/production/_ext/2136608937/usb_device.o
 .comment       0x00000000       0x3d build/pic32mx_eth_sk2_sd_mmc_pictail/production/_ext/2136608937/usb_device_cdc.o
 .comment       0x00000000       0x3d build/pic32mx_eth_sk2_sd_mmc_pictail/production/_ext/2136608937/usb_device_cdc_acm.o
 .comment       0x00000000       0x3d build/pic32mx_eth_sk2_sd_mmc_pictail/production/_ext/482662494/sys_devcon_pic32mx.o
 .comment       0x00000000       0x3d build/pic32mx_eth_sk2_sd_mmc_pictail/production/_ext/831465284/drv_usbfs.o
 .comment       0x00000000       0x3d build/pic32mx_eth_sk2_sd_mmc_pictail/production/_ext/831465284/drv_usbfs_device.o
 .comment       0x00000000       0x3d build/pic32mx_eth_sk2_sd_mmc_pictail/production/_ext/598865558/bsp_sys_init.o
 .comment       0x00000000       0x3d build/pic32mx_eth_sk2_sd_mmc_pictail/production/_ext/125689288/drv_spi_tasks.o
 .comment       0x00000000       0x3d build/pic32mx_eth_sk2_sd_mmc_pictail/production/_ext/125689288/drv_spi_api.o
 .comment       0x00000000       0x3d build/pic32mx_eth_sk2_sd_mmc_pictail/production/_ext/125689288/drv_spi_master_ebm_tasks.o
 .comment       0x00000000       0x3d build/pic32mx_eth_sk2_sd_mmc_pictail/production/_ext/859702757/net_pres_enc_glue.o
 .comment       0x00000000       0x3d build/pic32mx_eth_sk2_sd_mmc_pictail/production/_ext/1698848730/sys_clk_static.o
 .comment       0x00000000       0x3d build/pic32mx_eth_sk2_sd_mmc_pictail/production/_ext/986525174/sys_ports_static.o
 .comment       0x00000000       0x3d build/pic32mx_eth_sk2_sd_mmc_pictail/production/_ext/261824957/system_init.o
 .comment       0x00000000       0x3d build/pic32mx_eth_sk2_sd_mmc_pictail/production/_ext/261824957/system_interrupt.o
 .comment       0x00000000       0x3d build/pic32mx_eth_sk2_sd_mmc_pictail/production/_ext/261824957/system_exceptions.o
 .comment       0x00000000       0x3d build/pic32mx_eth_sk2_sd_mmc_pictail/production/_ext/261824957/system_tasks.o
 .comment       0x0000003c       0x3c ..\..\..\..\..\bin\framework\peripheral\PIC32MX795F512L_peripherals.a(plib_eth_lib.o)
                                 0x3d (size before relaxing)
 .comment       0x00000000       0x3d c:/program files (x86)/microchip/xc32/v1.44/bin/bin/../../lib/gcc/pic32mx/4.8.3\libgcc.a(_udivdi3.o)
 .comment       0x00000078       0x18 c:/program files (x86)/microchip/xc32/v1.44/bin/bin/../../lib/gcc/pic32mx/4.8.3/../../../../pic32mx/lib\libpic32.a(memcmp.o)
                                 0x19 (size before relaxing)
 .comment       0x00000090       0x18 c:/program files (x86)/microchip/xc32/v1.44/bin/bin/../../lib/gcc/pic32mx/4.8.3/../../../../pic32mx/lib\libpic32.a(memset.o)
                                 0x19 (size before relaxing)
 .comment       0x000000a8       0x19 c:/program files (x86)/microchip/xc32/v1.44/bin/bin/../../lib/gcc/pic32mx/4.8.3/../../../../pic32mx/lib\libpic32.a(strcmp.o)
                                 0x1a (size before relaxing)
 .comment       0x000000c1       0x19 c:/program files (x86)/microchip/xc32/v1.44/bin/bin/../../lib/gcc/pic32mx/4.8.3/../../../../pic32mx/lib\libpic32.a(strcpy.o)
                                 0x1a (size before relaxing)
 .comment       0x000000da       0x19 c:/program files (x86)/microchip/xc32/v1.44/bin/bin/../../lib/gcc/pic32mx/4.8.3/../../../../pic32mx/lib\libpic32.a(strlen.o)
                                 0x1a (size before relaxing)
 .comment       0x00000000       0x3d c:/program files (x86)/microchip/xc32/v1.44/bin/bin/../../lib/gcc/pic32mx/4.8.3/../../../../pic32mx/lib\libpic32.a(default-bootstrap-exception-handler.o)
 .comment       0x00000000       0x3d c:/program files (x86)/microchip/xc32/v1.44/bin/bin/../../lib/gcc/pic32mx/4.8.3/../../../../pic32mx/lib\libpic32.a(default-on-reset.o)
 .comment       0x00000000       0x3d c:/program files (x86)/microchip/xc32/v1.44/bin/bin/../../lib/gcc/pic32mx/4.8.3/../../../../pic32mx/lib\libpic32.a(default-on-bootstrap.o)
 .comment       0x00000000       0x3d c:/program files (x86)/microchip/xc32/v1.44/bin/bin/../../lib/gcc/pic32mx/4.8.3/../../../../pic32mx/lib\libpic32.a(defaultinterrupt.o)
 .comment       0x00000000       0x3d c:/program files (x86)/microchip/xc32/v1.44/bin/bin/../../lib/gcc/pic32mx/4.8.3/../../../../pic32mx/lib\libc.a(atoi.o)
 .comment       0x00000000       0x3d c:/program files (x86)/microchip/xc32/v1.44/bin/bin/../../lib/gcc/pic32mx/4.8.3/../../../../pic32mx/lib\libc.a(atol.o)
 .comment       0x00000000       0x3d c:/program files (x86)/microchip/xc32/v1.44/bin/bin/../../lib/gcc/pic32mx/4.8.3/../../../../pic32mx/lib\libc.a(calloc.o)
 .comment       0x000000f3       0x4e c:/program files (x86)/microchip/xc32/v1.44/bin/bin/../../lib/gcc/pic32mx/4.8.3/../../../../pic32mx/lib\libc.a(ctype.o)
                                 0x8b (size before relaxing)
 .comment       0x00000141       0x4f c:/program files (x86)/microchip/xc32/v1.44/bin/bin/../../lib/gcc/pic32mx/4.8.3/../../../../pic32mx/lib\libc.a(ctypef.o)
                                 0x8c (size before relaxing)
 .comment       0x00000000       0x3d c:/program files (x86)/microchip/xc32/v1.44/bin/bin/../../lib/gcc/pic32mx/4.8.3/../../../../pic32mx/lib\libc.a(malloc.o)
 .comment       0x00000000       0x3d c:/program files (x86)/microchip/xc32/v1.44/bin/bin/../../lib/gcc/pic32mx/4.8.3/../../../../pic32mx/lib\libc.a(rand.o)
 .comment       0x00000000       0x3d c:/program files (x86)/microchip/xc32/v1.44/bin/bin/../../lib/gcc/pic32mx/4.8.3/../../../../pic32mx/lib\libc.a(strcat.o)
 .comment       0x00000000       0x3d c:/program files (x86)/microchip/xc32/v1.44/bin/bin/../../lib/gcc/pic32mx/4.8.3/../../../../pic32mx/lib\libc.a(strchr.o)
 .comment       0x00000000       0x3d c:/program files (x86)/microchip/xc32/v1.44/bin/bin/../../lib/gcc/pic32mx/4.8.3/../../../../pic32mx/lib\libc.a(strncat.o)
 .comment       0x00000000       0x3d c:/program files (x86)/microchip/xc32/v1.44/bin/bin/../../lib/gcc/pic32mx/4.8.3/../../../../pic32mx/lib\libc.a(strncmp.o)
 .comment       0x00000000       0x3d c:/program files (x86)/microchip/xc32/v1.44/bin/bin/../../lib/gcc/pic32mx/4.8.3/../../../../pic32mx/lib\libc.a(strncpy.o)
 .comment       0x00000000       0x3d c:/program files (x86)/microchip/xc32/v1.44/bin/bin/../../lib/gcc/pic32mx/4.8.3/../../../../pic32mx/lib\libc.a(strstr.o)
 .comment       0x00000000       0x3d c:/program files (x86)/microchip/xc32/v1.44/bin/bin/../../lib/gcc/pic32mx/4.8.3/../../../../pic32mx/lib\libc.a(strtol.o)
 .comment       0x00000000       0x3d c:/program files (x86)/microchip/xc32/v1.44/bin/bin/../../lib/gcc/pic32mx/4.8.3/../../../../pic32mx/lib\libc.a(sprintf_cdnopuxX.eo)
 .comment       0x00000000       0x3d c:/program files (x86)/microchip/xc32/v1.44/bin/bin/../../lib/gcc/pic32mx/4.8.3/../../../../pic32mx/lib\libc.a(vsnprintf.o)
 .comment       0x00000000       0x3d c:/program files (x86)/microchip/xc32/v1.44/bin/bin/../../lib/gcc/pic32mx/4.8.3/../../../../pic32mx/lib\libc.a(errno.o)
 .comment       0x00000000       0x3d c:/program files (x86)/microchip/xc32/v1.44/bin/bin/../../lib/gcc/pic32mx/4.8.3/../../../../pic32mx/lib\libc.a(doprnt_cdnopuxX.eo)
 .comment       0x00000000       0x3d c:/program files (x86)/microchip/xc32/v1.44/bin/bin/../../lib/gcc/pic32mx/4.8.3/../../../../pic32mx/lib\libc.a(doprnt.o)
 .comment       0x00000000       0x3d c:/program files (x86)/microchip/xc32/v1.44/bin/bin/../../lib/gcc/pic32mx/4.8.3/../../../../pic32mx/lib\libc.a(_fputc_simple.o)
 .comment       0x00000000       0x3d c:/program files (x86)/microchip/xc32/v1.44/bin/bin/../../lib/gcc/pic32mx/4.8.3/../../../../pic32mx/lib\libc.a(ldpowers.o)
 .comment       0x00000000       0x3d c:/program files (x86)/microchip/xc32/v1.44/bin/bin/../../lib/gcc/pic32mx/4.8.3/../../../../pic32mx/lib\libc.a(_iob.o)
 .comment       0x00000000       0x3d c:/program files (x86)/microchip/xc32/v1.44/bin/bin/../../lib/gcc/pic32mx/4.8.3/../../../../pic32mx/lib\libc.a(_flsbuf_simple.o)
 .comment       0x00000190       0x9f c:/program files (x86)/microchip/xc32/v1.44/bin/bin/../../lib/gcc/pic32mx/4.8.3/../../../../pic32mx/lib\libe.a(_fixunsdfdi.o)
                                 0xdc (size before relaxing)
 .comment       0x0000022f       0x50 c:/program files (x86)/microchip/xc32/v1.44/bin/bin/../../lib/gcc/pic32mx/4.8.3/../../../../pic32mx/lib\libe.a(_orderdf2.o)
                                 0xdb (size before relaxing)
 .comment       0x0000027f       0x50 c:/program files (x86)/microchip/xc32/v1.44/bin/bin/../../lib/gcc/pic32mx/4.8.3/../../../../pic32mx/lib\libe.a(_fixdfdi.o)
                                 0xdb (size before relaxing)
 .comment       0x00000000       0x3d c:/program files (x86)/microchip/xc32/v1.44/bin/bin/../../lib/gcc/pic32mx/4.8.3\libgcc.a(_floatundidf.o)
 .comment       0x00000000       0x3d c:/program files (x86)/microchip/xc32/v1.44/bin/bin/../../lib/gcc/pic32mx/4.8.3\libgcc.a(_umoddi3.o)
 .comment       0x00000000       0x3d c:/program files (x86)/microchip/xc32/v1.44/bin/bin/../../lib/gcc/pic32mx/4.8.3\libgcc.a(floatunsidf.o)
 .comment       0x000002cf       0x4b c:/program files (x86)/microchip/xc32/v1.44/bin/bin/../../lib/gcc/pic32mx/4.8.3/../../../../pic32mx/lib\libpic32.a(sbrk.o)
                                 0x88 (size before relaxing)
 .comment       0x00000000       0x3d c:/program files (x86)/microchip/xc32/v1.44/bin/bin/../../lib/gcc/pic32mx/4.8.3/../../../../pic32mx/lib\libpic32.a(write.o)
 .comment       0x00000000       0x3d c:/program files (x86)/microchip/xc32/v1.44/bin/bin/../../lib/gcc/pic32mx/4.8.3/../../../../pic32mx/lib\libpic32.a(_mon_putc.o)
 .comment       0x00000000       0x3d c:/program files (x86)/microchip/xc32/v1.44/bin/bin/../../lib/gcc/pic32mx/4.8.3/../../../../pic32mx/lib\libpic32.a(xc32_uart.o)

.debug
 *(.debug)

.line
 *(.line)

.debug_srcinfo
 *(.debug_srcinfo)

.debug_sfnames
 *(.debug_sfnames)

.debug_aranges  0x00000000     0x3cd0
 *(.debug_aranges)
 .debug_aranges
                0x00000000       0x28 build/pic32mx_eth_sk2_sd_mmc_pictail/production/_ext/1360937237/app.o
 .debug_aranges
                0x00000028       0x20 build/pic32mx_eth_sk2_sd_mmc_pictail/production/_ext/1360937237/main.o
 .debug_aranges
                0x00000048       0x28 build/pic32mx_eth_sk2_sd_mmc_pictail/production/_ext/1360937237/http_print.o
 .debug_aranges
                0x00000070      0x148 build/pic32mx_eth_sk2_sd_mmc_pictail/production/_ext/1360937237/custom_http_app.o
 .debug_aranges
                0x000001b8       0x38 build/pic32mx_eth_sk2_sd_mmc_pictail/production/_ext/2046866571/adler32.o
 .debug_aranges
                0x000001f0       0x30 build/pic32mx_eth_sk2_sd_mmc_pictail/production/_ext/2046866571/compress.o
 .debug_aranges
                0x00000220       0x50 build/pic32mx_eth_sk2_sd_mmc_pictail/production/_ext/2046866571/crc32.o
 .debug_aranges
                0x00000270       0xc0 build/pic32mx_eth_sk2_sd_mmc_pictail/production/_ext/2046866571/deflate.o
 .debug_aranges
                0x00000330       0x30 build/pic32mx_eth_sk2_sd_mmc_pictail/production/_ext/2046866571/infback.o
 .debug_aranges
                0x00000360       0x20 build/pic32mx_eth_sk2_sd_mmc_pictail/production/_ext/2046866571/inffast.o
 .debug_aranges
                0x00000380       0xa0 build/pic32mx_eth_sk2_sd_mmc_pictail/production/_ext/2046866571/inflate.o
 .debug_aranges
                0x00000420       0x20 build/pic32mx_eth_sk2_sd_mmc_pictail/production/_ext/2046866571/inftrees.o
 .debug_aranges
                0x00000440       0x88 build/pic32mx_eth_sk2_sd_mmc_pictail/production/_ext/2046866571/trees.o
 .debug_aranges
                0x000004c8       0x20 build/pic32mx_eth_sk2_sd_mmc_pictail/production/_ext/2046866571/uncompr.o
 .debug_aranges
                0x000004e8       0x40 build/pic32mx_eth_sk2_sd_mmc_pictail/production/_ext/2046866571/zutil.o
 .debug_aranges
                0x00000528       0x18 build/pic32mx_eth_sk2_sd_mmc_pictail/production/_ext/29024758/ecc.o
 .debug_aranges
                0x00000540       0x28 build/pic32mx_eth_sk2_sd_mmc_pictail/production/_ext/29024758/arc4.o
 .debug_aranges
                0x00000568       0x18 build/pic32mx_eth_sk2_sd_mmc_pictail/production/_ext/29024758/pwdbased.o
 .debug_aranges
                0x00000580       0x18 build/pic32mx_eth_sk2_sd_mmc_pictail/production/_ext/29024758/tfm.o
 .debug_aranges
                0x00000598       0x18 build/pic32mx_eth_sk2_sd_mmc_pictail/production/_ext/29024758/asn.o
 .debug_aranges
                0x000005b0       0x78 build/pic32mx_eth_sk2_sd_mmc_pictail/production/_ext/29024758/des3.o
 .debug_aranges
                0x00000628       0x18 build/pic32mx_eth_sk2_sd_mmc_pictail/production/_ext/29024758/rsa.o
 .debug_aranges
                0x00000640       0x18 build/pic32mx_eth_sk2_sd_mmc_pictail/production/_ext/29024758/aes.o
 .debug_aranges
                0x00000658       0x40 build/pic32mx_eth_sk2_sd_mmc_pictail/production/_ext/29024758/md5.o
 .debug_aranges
                0x00000698       0x38 build/pic32mx_eth_sk2_sd_mmc_pictail/production/_ext/29024758/sha.o
 .debug_aranges
                0x000006d0       0x38 build/pic32mx_eth_sk2_sd_mmc_pictail/production/_ext/29024758/sha256.o
 .debug_aranges
                0x00000708       0x18 build/pic32mx_eth_sk2_sd_mmc_pictail/production/_ext/29024758/sha512.o
 .debug_aranges
                0x00000720       0x40 build/pic32mx_eth_sk2_sd_mmc_pictail/production/_ext/29024758/hmac.o
 .debug_aranges
                0x00000760       0x68 build/pic32mx_eth_sk2_sd_mmc_pictail/production/_ext/29024758/hash.o
 .debug_aranges
                0x000007c8       0x18 build/pic32mx_eth_sk2_sd_mmc_pictail/production/_ext/29024758/compress.o
 .debug_aranges
                0x000007e0       0x78 build/pic32mx_eth_sk2_sd_mmc_pictail/production/_ext/29024758/random.o
 .debug_aranges
                0x00000858       0xd0 build/pic32mx_eth_sk2_sd_mmc_pictail/production/_ext/29024758/crypto.o
 .debug_aranges
                0x00000928       0x48 build/pic32mx_eth_sk2_sd_mmc_pictail/production/_ext/29024758/coding.o
 .debug_aranges
                0x00000970       0x28 build/pic32mx_eth_sk2_sd_mmc_pictail/production/_ext/29024758/error.o
 .debug_aranges
                0x00000998      0x250 build/pic32mx_eth_sk2_sd_mmc_pictail/production/_ext/29024758/integer.o
 .debug_aranges
                0x00000be8       0x30 build/pic32mx_eth_sk2_sd_mmc_pictail/production/_ext/29024758/logging.o
 .debug_aranges
                0x00000c18       0x38 build/pic32mx_eth_sk2_sd_mmc_pictail/production/_ext/29024758/memory.o
 .debug_aranges
                0x00000c50       0x18 build/pic32mx_eth_sk2_sd_mmc_pictail/production/_ext/29024758/misc.o
 .debug_aranges
                0x00000c68       0x40 build/pic32mx_eth_sk2_sd_mmc_pictail/production/_ext/29024758/port.o
 .debug_aranges
                0x00000ca8      0x180 build/pic32mx_eth_sk2_sd_mmc_pictail/production/_ext/1697634946/drv_ethmac.o
 .debug_aranges
                0x00000e28       0xf0 build/pic32mx_eth_sk2_sd_mmc_pictail/production/_ext/1697634946/drv_ethmac_lib.o
 .debug_aranges
                0x00000f18       0x30 build/pic32mx_eth_sk2_sd_mmc_pictail/production/_ext/521481140/drv_extphy_smsc8740.o
 .debug_aranges
                0x00000f48      0x288 build/pic32mx_eth_sk2_sd_mmc_pictail/production/_ext/521481140/drv_ethphy.o
 .debug_aranges
                0x000011d0       0xc0 build/pic32mx_eth_sk2_sd_mmc_pictail/production/_ext/1789358541/drv_sdcard.o
 .debug_aranges